128-batch-1024x1024
32744.7
128-batch-1024x128
4569.99
128-batch-1024x2048
65612.3
128-batch-1024x256
8794.92
128-batch-1024x4096
128639.0
128-batch-1024x512
16626.3
128-batch-1024x64
2589.89
128-batch-128x1024
4487.69
128-batch-128x128
546.67
128-batch-128x2048
9003.38
128-batch-128x256
950.39
128-batch-128x4096
17777.8
128-batch-128x512
2073.94
128-batch-128x64
347.33
128-batch-2048x1024
66134.0
128-batch-2048x128
9415.35
128-batch-2048x2048
130586.0
128-batch-2048x256
17165.9
128-batch-2048x4096
258501.0
128-batch-2048x512
33738.0
128-batch-2048x64
5170.14
128-batch-256x1024
8822.39
128-batch-256x128
965.36
128-batch-256x2048
17120.7
128-batch-256x256
2166.91
128-batch-256x4096
33670.6
128-batch-256x512
4272.12
128-batch-256x64
659.24
128-batch-4096x1024
138146.0
128-batch-4096x128
19250.4
128-batch-4096x2048
276112.0
128-batch-4096x256
36369.1
128-batch-4096x4096
557872.0
128-batch-4096x512
71206.2
128-batch-4096x64
11153.6
128-batch-512x1024
16812.9
128-batch-512x128
2270.89
128-batch-512x2048
33208.6
128-batch-512x256
4432.73
128-batch-512x4096
65960.7
128-batch-512x512
8431.68
128-batch-512x64
1307.8
128-batch-64x1024
2423.2
128-batch-64x128
319.375
128-batch-64x2048
5091.05
128-batch-64x256
550.165
128-batch-64x4096
10169.1
128-batch-64x512
1134.69
128-batch-64x64
154.17
16-batch-1024x1024
8646.14
16-batch-1024x128
1209.85
16-batch-1024x2048
17291.1
16-batch-1024x256
2202.93
16-batch-1024x4096
34801.3
16-batch-1024x512
4321.08
16-batch-1024x64
566.8
16-batch-128x1024
1135.39
16-batch-128x128
120.205
16-batch-128x2048
2367.24
16-batch-128x256
174.005
16-batch-128x4096
4644.41
16-batch-128x512
510.735
16-batch-128x64
61.3
16-batch-2048x1024
17367.0
16-batch-2048x128
2688.64
16-batch-2048x2048
34904.1
16-batch-2048x256
4499.76
16-batch-2048x4096
70359.1
16-batch-2048x512
8682.44
16-batch-2048x64
1204.65
16-batch-256x1024
2284.95
16-batch-256x128
217.265
16-batch-256x2048
4521.43
16-batch-256x256
359.815
16-batch-256x4096
9127.44
16-batch-256x512
1145.63
16-batch-256x64
95.285
16-batch-4096x1024
35573.7
16-batch-4096x128
4590.31
16-batch-4096x2048
71996.7
16-batch-4096x256
8827.85
16-batch-4096x4096
145555.0
16-batch-4096x512
18192.7
16-batch-4096x64
2512.22
16-batch-512x1024
4466.43
16-batch-512x128
349.7
16-batch-512x2048
8910.16
16-batch-512x256
1169.12
16-batch-512x4096
17715.1
16-batch-512x512
2282.38
16-batch-512x64
222.385
16-batch-64x1024
504.98
16-batch-64x128
60.005
16-batch-64x2048
1204.64
16-batch-64x256
99.59
16-batch-64x4096
2526.86
16-batch-64x512
207.875
16-batch-64x64
40.25
256-batch-1024x1024
60861.6
256-batch-1024x128
8850.25
256-batch-1024x2048
119844.0
256-batch-1024x256
16118.3
256-batch-1024x4096
238639.0
256-batch-1024x512
30898.5
256-batch-1024x64
4827.4
256-batch-128x1024
8386.53
256-batch-128x128
1067.62
256-batch-128x2048
16640.4
256-batch-128x256
2010.88
256-batch-128x4096
32815.9
256-batch-128x512
4114.88
256-batch-128x64
514.625
256-batch-2048x1024
121481.0
256-batch-2048x128
17636.4
256-batch-2048x2048
242784.0
256-batch-2048x256
32121.5
256-batch-2048x4096
480976.0
256-batch-2048x512
61982.0
256-batch-2048x64
10295.9
256-batch-256x1024
16009.1
256-batch-256x128
2140.95
256-batch-256x2048
31399.2
256-batch-256x256
4277.29
256-batch-256x4096
62369.2
256-batch-256x512
7944.19
256-batch-256x64
1160.71
256-batch-4096x1024
256615.0
256-batch-4096x128
36503.1
256-batch-4096x2048
507209.0
256-batch-4096x256
67554.2
256-batch-4096x4096
1013110.0
256-batch-4096x512
131183.0
256-batch-4096x64
20754.4
256-batch-512x1024
30920.7
256-batch-512x128
4354.41
256-batch-512x2048
61130.6
256-batch-512x256
8052.62
256-batch-512x4096
121825.0
256-batch-512x512
15560.1
256-batch-512x64
2459.62
256-batch-64x1024
4733.18
256-batch-64x128
558.89
256-batch-64x2048
9508.88
256-batch-64x256
1162.68
256-batch-64x4096
18984.5
256-batch-64x512
2559.76
256-batch-64x64
262.24
32-batch-1024x1024
12277.7
32-batch-1024x128
1813.13
32-batch-1024x2048
24255.9
32-batch-1024x256
3302.76
32-batch-1024x4096
47837.5
32-batch-1024x512
6378.99
32-batch-1024x64
890.47
32-batch-128x1024
1618.23
32-batch-128x128
168.095
32-batch-128x2048
3281.91
32-batch-128x256
347.96
32-batch-128x4096
6652.58
32-batch-128x512
789.18
32-batch-128x64
88.245
32-batch-2048x1024
23768.3
32-batch-2048x128
3291.76
32-batch-2048x2048
48030.5
32-batch-2048x256
6169.84
32-batch-2048x4096
97640.3
32-batch-2048x512
12316.7
32-batch-2048x64
1873.37
32-batch-256x1024
3171.22
32-batch-256x128
280.48
32-batch-256x2048
6276.15
32-batch-256x256
772.325
32-batch-256x4096
12559.6
32-batch-256x512
1558.17
32-batch-256x64
151.205
32-batch-4096x1024
48908.4
32-batch-4096x128
6823.89
32-batch-4096x2048
98534.0
32-batch-4096x256
12497.7
32-batch-4096x4096
199637.0
32-batch-4096x512
25156.1
32-batch-4096x64
3688.43
32-batch-512x1024
6338.78
32-batch-512x128
808.75
32-batch-512x2048
12254.2
32-batch-512x256
1511.15
32-batch-512x4096
24511.6
32-batch-512x512
3275.86
32-batch-512x64
294.53
32-batch-64x1024
802.47
32-batch-64x128
108.675
32-batch-64x2048
1777.5
32-batch-64x256
172.37
32-batch-64x4096
3426.25
32-batch-64x512
370.28
32-batch-64x64
55.1
512-batch-1024x1024
116574.0
512-batch-1024x128
16909.3
512-batch-1024x2048
230995.0
512-batch-1024x256
30906.3
512-batch-1024x4096
458838.0
512-batch-1024x512
59473.6
512-batch-1024x64
9598.02
512-batch-128x1024
16005.7
512-batch-128x128
2108.01
512-batch-128x2048
31624.2
512-batch-128x256
4065.47
512-batch-128x4096
63218.5
512-batch-128x512
7948.35
512-batch-128x64
1308.2
512-batch-2048x1024
235702.0
512-batch-2048x128
33497.6
512-batch-2048x2048
467532.0
512-batch-2048x256
62530.7
512-batch-2048x4096
928212.0
512-batch-2048x512
120267.0
512-batch-2048x64
19658.1
512-batch-256x1024
30040.8
512-batch-256x128
4189.04
512-batch-256x2048
60093.3
512-batch-256x256
8086.52
512-batch-256x4096
119398.0
512-batch-256x512
15051.3
512-batch-256x64
2639.51
512-batch-4096x1024
487508.0
512-batch-4096x128
70120.4
512-batch-4096x2048
964850.0
512-batch-4096x256
129327.0
512-batch-4096x4096
1920940.0
512-batch-4096x512
248735.0
512-batch-4096x64
39262.4
512-batch-512x1024
59194.4
512-batch-512x128
8379.88
512-batch-512x2048
117643.0
512-batch-512x256
15543.2
512-batch-512x4096
234559.0
512-batch-512x512
29674.3
512-batch-512x64
4933.27
512-batch-64x1024
9177.83
512-batch-64x128
1282.12
512-batch-64x2048
18134.6
512-batch-64x256
2160.96
512-batch-64x4096
36229.4
512-batch-64x512
4469.01
512-batch-64x64
630.81
64-batch-1024x1024
18876.6
64-batch-1024x128
2918.28
64-batch-1024x2048
37725.1
64-batch-1024x256
4957.14
64-batch-1024x4096
75411.1
64-batch-1024x512
9810.49
64-batch-1024x64
1485.15
64-batch-128x1024
2547.76
64-batch-128x128
258.085
64-batch-128x2048
5148.39
64-batch-128x256
755.345
64-batch-128x4096
10375.2
64-batch-128x512
1242.24
64-batch-128x64
142.73
64-batch-2048x1024
37076.9
64-batch-2048x128
5235.97
64-batch-2048x2048
74216.0
64-batch-2048x256
9799.89
64-batch-2048x4096
149439.0
64-batch-2048x512
20036.9
64-batch-2048x64
2944.74
64-batch-256x1024
4988.76
64-batch-256x128
621.64
64-batch-256x2048
9962.52
64-batch-256x256
1091.84
64-batch-256x4096
19601.8
64-batch-256x512
2421.99
64-batch-256x64
261.55
64-batch-4096x1024
76778.1
64-batch-4096x128
10833.0
64-batch-4096x2048
154790.0
64-batch-4096x256
19947.2
64-batch-4096x4096
313446.0
64-batch-4096x512
40133.2
64-batch-4096x64
6132.19
64-batch-512x1024
9758.84
64-batch-512x128
1310.83
64-batch-512x2048
19102.1
64-batch-512x256
2475.49
64-batch-512x4096
38820.2
64-batch-512x512
5102.87
64-batch-512x64
699.005
64-batch-64x1024
1160.4
64-batch-64x128
153.68
64-batch-64x2048
2875.83
64-batch-64x256
294.975
64-batch-64x4096
5673.46
64-batch-64x512
632.775
64-batch-64x64
156.72
8-batch-1024x1024
1977.08
8-batch-1024x128
301.37
8-batch-1024x2048
3682.38
8-batch-1024x256
548.595
8-batch-1024x4096
7212.51
8-batch-1024x512
1031.01
8-batch-1024x64
162.5
8-batch-128x1024
450.855
8-batch-128x128
52.935
8-batch-128x2048
580.315
8-batch-128x256
87.025
8-batch-128x4096
1132.55
8-batch-128x512
155.305
8-batch-128x64
34.43
8-batch-2048x1024
3652.11
8-batch-2048x128
613.53
8-batch-2048x2048
7224.59
8-batch-2048x256
1016.91
8-batch-2048x4096
14310.2
8-batch-2048x512
1900.8
8-batch-2048x64
320.315
8-batch-256x1024
613.995
8-batch-256x128
83.955
8-batch-256x2048
1072.9
8-batch-256x256
162.575
8-batch-256x4096
2195.09
8-batch-256x512
263.98
8-batch-256x64
51.25
8-batch-4096x1024
7163.55
8-batch-4096x128
1063.29
8-batch-4096x2048
15195.8
8-batch-4096x256
1945.78
8-batch-4096x4096
29003.6
8-batch-4096x512
3647.95
8-batch-4096x64
596.22
8-batch-512x1024
1216.46
8-batch-512x128
151.96
8-batch-512x2048
1948.29
8-batch-512x256
305.715
8-batch-512x4096
3893.55
8-batch-512x512
562.245
8-batch-512x64
82.725
8-batch-64x1024
174.73
8-batch-64x128
35.225
8-batch-64x2048
367.165
8-batch-64x256
53.715
8-batch-64x4096
682.66
8-batch-64x512
84.415
8-batch-64x64
27.91
