128-batch-1024x1024
32664.7
128-batch-1024x128
4619.63
128-batch-1024x2048
65190.2
128-batch-1024x256
8604.4
128-batch-1024x4096
129170.0
128-batch-1024x512
16822.7
128-batch-1024x64
2917.49
128-batch-128x1024
4493.48
128-batch-128x128
550.68
128-batch-128x2048
9007.1
128-batch-128x256
1134.44
128-batch-128x4096
17861.7
128-batch-128x512
2169.7
128-batch-128x64
254.56
128-batch-2048x1024
65836.6
128-batch-2048x128
9272.61
128-batch-2048x2048
129732.0
128-batch-2048x256
17810.6
128-batch-2048x4096
259503.0
128-batch-2048x512
33630.5
128-batch-2048x64
5276.02
128-batch-256x1024
8518.23
128-batch-256x128
1166.5
128-batch-256x2048
17010.1
128-batch-256x256
2164.08
128-batch-256x4096
33896.4
128-batch-256x512
4290.56
128-batch-256x64
628.515
128-batch-4096x1024
138763.0
128-batch-4096x128
19899.7
128-batch-4096x2048
275664.0
128-batch-4096x256
37446.9
128-batch-4096x4096
557950.0
128-batch-4096x512
71130.6
128-batch-4096x64
10944.2
128-batch-512x1024
16885.1
128-batch-512x128
2567.28
128-batch-512x2048
33149.4
128-batch-512x256
4380.65
128-batch-512x4096
66226.8
128-batch-512x512
8661.75
128-batch-512x64
1294.81
128-batch-64x1024
2445.41
128-batch-64x128
297.73
128-batch-64x2048
5006.27
128-batch-64x256
512.36
128-batch-64x4096
10007.0
128-batch-64x512
1199.07
128-batch-64x64
152.41
16-batch-1024x1024
8910.24
16-batch-1024x128
1259.03
16-batch-1024x2048
17333.8
16-batch-1024x256
2260.84
16-batch-1024x4096
34667.4
16-batch-1024x512
4248.47
16-batch-1024x64
570.095
16-batch-128x1024
1168.85
16-batch-128x128
97.04
16-batch-128x2048
2454.78
16-batch-128x256
174.07
16-batch-128x4096
4642.9
16-batch-128x512
496.52
16-batch-128x64
65.01
16-batch-2048x1024
17761.3
16-batch-2048x128
2378.01
16-batch-2048x2048
35557.9
16-batch-2048x256
4847.2
16-batch-2048x4096
70776.4
16-batch-2048x512
9293.17
16-batch-2048x64
1292.92
16-batch-256x1024
2305.41
16-batch-256x128
227.885
16-batch-256x2048
4517.61
16-batch-256x256
431.855
16-batch-256x4096
9154.07
16-batch-256x512
1051.54
16-batch-256x64
108.47
16-batch-4096x1024
35189.7
16-batch-4096x128
4902.54
16-batch-4096x2048
70779.3
16-batch-4096x256
9372.45
16-batch-4096x4096
143987.0
16-batch-4096x512
16846.5
16-batch-4096x64
2541.45
16-batch-512x1024
4628.16
16-batch-512x128
505.15
16-batch-512x2048
8910.82
16-batch-512x256
1158.12
16-batch-512x4096
17852.0
16-batch-512x512
2271.51
16-batch-512x64
218.43
16-batch-64x1024
412.705
16-batch-64x128
63.27
16-batch-64x2048
1216.73
16-batch-64x256
101.62
16-batch-64x4096
2397.37
16-batch-64x512
177.145
16-batch-64x64
39.605
256-batch-1024x1024
60561.5
256-batch-1024x128
8782.62
256-batch-1024x2048
120095.0
256-batch-1024x256
16143.3
256-batch-1024x4096
238426.0
256-batch-1024x512
31295.1
256-batch-1024x64
4893.98
256-batch-128x1024
8358.89
256-batch-128x128
1045.58
256-batch-128x2048
16484.2
256-batch-128x256
1954.73
256-batch-128x4096
32732.0
256-batch-128x512
4101.98
256-batch-128x64
593.39
256-batch-2048x1024
121900.0
256-batch-2048x128
17545.9
256-batch-2048x2048
242192.0
256-batch-2048x256
32567.4
256-batch-2048x4096
483256.0
256-batch-2048x512
62797.4
256-batch-2048x64
9893.09
256-batch-256x1024
15779.2
256-batch-256x128
2275.11
256-batch-256x2048
31308.6
256-batch-256x256
4229.99
256-batch-256x4096
62053.1
256-batch-256x512
8078.91
256-batch-256x64
1251.35
256-batch-4096x1024
256167.0
256-batch-4096x128
37878.8
256-batch-4096x2048
508672.0
256-batch-4096x256
67439.2
256-batch-4096x4096
1017670.0
256-batch-4096x512
130688.0
256-batch-4096x64
20541.9
256-batch-512x1024
31011.2
256-batch-512x128
4604.77
256-batch-512x2048
61207.1
256-batch-512x256
8285.98
256-batch-512x4096
122185.0
256-batch-512x512
15883.7
256-batch-512x64
2450.55
256-batch-64x1024
4761.19
256-batch-64x128
565.21
256-batch-64x2048
9439.29
256-batch-64x256
1247.4
256-batch-64x4096
18938.2
256-batch-64x512
2376.48
256-batch-64x64
260.795
32-batch-1024x1024
12069.0
32-batch-1024x128
1751.65
32-batch-1024x2048
24246.1
32-batch-1024x256
3095.61
32-batch-1024x4096
47913.8
32-batch-1024x512
6126.16
32-batch-1024x64
1036.18
32-batch-128x1024
1676.94
32-batch-128x128
167.9
32-batch-128x2048
3251.93
32-batch-128x256
285.375
32-batch-128x4096
6539.69
32-batch-128x512
770.385
32-batch-128x64
93.69
32-batch-2048x1024
23875.8
32-batch-2048x128
3305.53
32-batch-2048x2048
48114.7
32-batch-2048x256
6498.68
32-batch-2048x4096
97875.1
32-batch-2048x512
12160.2
32-batch-2048x64
2078.72
32-batch-256x1024
3149.47
32-batch-256x128
281.855
32-batch-256x2048
6376.68
32-batch-256x256
773.765
32-batch-256x4096
12638.6
32-batch-256x512
1577.08
32-batch-256x64
174.25
32-batch-4096x1024
49633.3
32-batch-4096x128
6475.31
32-batch-4096x2048
98871.8
32-batch-4096x256
14145.3
32-batch-4096x4096
199799.0
32-batch-4096x512
24736.7
32-batch-4096x64
4226.37
32-batch-512x1024
6162.13
32-batch-512x128
748.425
32-batch-512x2048
12474.3
32-batch-512x256
1495.81
32-batch-512x4096
24636.9
32-batch-512x512
3120.91
32-batch-512x64
380.24
32-batch-64x1024
820.805
32-batch-64x128
94.225
32-batch-64x2048
1773.22
32-batch-64x256
169.34
32-batch-64x4096
3418.23
32-batch-64x512
303.1
32-batch-64x64
54.48
512-batch-1024x1024
116489.0
512-batch-1024x128
16735.7
512-batch-1024x2048
231689.0
512-batch-1024x256
31156.1
512-batch-1024x4096
459795.0
512-batch-1024x512
59305.9
512-batch-1024x64
9846.62
512-batch-128x1024
15982.5
512-batch-128x128
2037.78
512-batch-128x2048
31644.0
512-batch-128x256
4054.45
512-batch-128x4096
63119.8
512-batch-128x512
7929.0
512-batch-128x64
1151.02
512-batch-2048x1024
236103.0
512-batch-2048x128
33228.4
512-batch-2048x2048
465859.0
512-batch-2048x256
62155.9
512-batch-2048x4096
930090.0
512-batch-2048x512
119918.0
512-batch-2048x64
18996.8
512-batch-256x1024
30438.3
512-batch-256x128
4173.35
512-batch-256x2048
59868.0
512-batch-256x256
7845.84
512-batch-256x4096
119713.0
512-batch-256x512
15492.3
512-batch-256x64
2447.93
512-batch-4096x1024
488262.0
512-batch-4096x128
70812.3
512-batch-4096x2048
965639.0
512-batch-4096x256
130467.0
512-batch-4096x4096
1926300.0
512-batch-4096x512
248879.0
512-batch-4096x64
39262.9
512-batch-512x1024
60172.8
512-batch-512x128
8679.23
512-batch-512x2048
117629.0
512-batch-512x256
16017.8
512-batch-512x4096
233741.0
512-batch-512x512
29772.5
512-batch-512x64
4792.19
512-batch-64x1024
9159.08
512-batch-64x128
1159.55
512-batch-64x2048
18282.0
512-batch-64x256
2222.64
512-batch-64x4096
36228.6
512-batch-64x512
4512.95
512-batch-64x64
630.5
64-batch-1024x1024
18950.1
64-batch-1024x128
2616.09
64-batch-1024x2048
37587.1
64-batch-1024x256
4930.2
64-batch-1024x4096
75130.3
64-batch-1024x512
9578.13
64-batch-1024x64
1433.04
64-batch-128x1024
2579.16
64-batch-128x128
288.015
64-batch-128x2048
5163.53
64-batch-128x256
596.49
64-batch-128x4096
10244.4
64-batch-128x512
1383.19
64-batch-128x64
142.71
64-batch-2048x1024
37373.2
64-batch-2048x128
5262.15
64-batch-2048x2048
74691.2
64-batch-2048x256
10328.2
64-batch-2048x4096
149997.0
64-batch-2048x512
18826.4
64-batch-2048x64
2974.76
64-batch-256x1024
5154.81
64-batch-256x128
615.455
64-batch-256x2048
9840.23
64-batch-256x256
1055.76
64-batch-256x4096
19990.7
64-batch-256x512
2603.86
64-batch-256x64
262.625
64-batch-4096x1024
78375.7
64-batch-4096x128
10676.0
64-batch-4096x2048
154595.0
64-batch-4096x256
20225.7
64-batch-4096x4096
314012.0
64-batch-4096x512
40535.8
64-batch-4096x64
5980.31
64-batch-512x1024
9962.95
64-batch-512x128
1342.38
64-batch-512x2048
19608.2
64-batch-512x256
2689.87
64-batch-512x4096
38542.7
64-batch-512x512
4941.06
64-batch-512x64
845.105
64-batch-64x1024
1383.75
64-batch-64x128
154.715
64-batch-64x2048
2783.3
64-batch-64x256
303.665
64-batch-64x4096
5646.98
64-batch-64x512
637.755
64-batch-64x64
85.535
8-batch-1024x1024
1961.22
8-batch-1024x128
264.765
8-batch-1024x2048
3920.68
8-batch-1024x256
646.87
8-batch-1024x4096
7851.53
8-batch-1024x512
1013.62
8-batch-1024x64
161.355
8-batch-128x1024
305.375
8-batch-128x128
50.495
8-batch-128x2048
727.595
8-batch-128x256
77.69
8-batch-128x4096
1112.56
8-batch-128x512
154.335
8-batch-128x64
35.64
8-batch-2048x1024
3662.72
8-batch-2048x128
559.495
8-batch-2048x2048
7112.89
8-batch-2048x256
1016.78
8-batch-2048x4096
14285.2
8-batch-2048x512
1903.37
8-batch-2048x64
315.375
8-batch-256x1024
596.405
8-batch-256x128
77.265
8-batch-256x2048
1064.67
8-batch-256x256
128.81
8-batch-256x4096
2115.29
8-batch-256x512
304.47
8-batch-256x64
52.445
8-batch-4096x1024
7133.36
8-batch-4096x128
1057.75
8-batch-4096x2048
14100.9
8-batch-4096x256
1880.14
8-batch-4096x4096
28924.7
8-batch-4096x512
3633.7
8-batch-4096x64
593.725
8-batch-512x1024
1044.65
8-batch-512x128
155.83
8-batch-512x2048
1951.3
8-batch-512x256
283.735
8-batch-512x4096
3872.14
8-batch-512x512
561.185
8-batch-512x64
84.58
8-batch-64x1024
146.67
8-batch-64x128
37.09
8-batch-64x2048
350.845
8-batch-64x256
55.02
8-batch-64x4096
833.745
8-batch-64x512
84.11
8-batch-64x64
27.455
