128-batch-1024x1024
16468.2
128-batch-1024x128
2458.39
128-batch-1024x2048
32852.0
128-batch-1024x256
4406.1
128-batch-1024x4096
64638.3
128-batch-1024x512
8326.55
128-batch-1024x64
1506.32
128-batch-128x1024
3230.81
128-batch-128x128
403.86
128-batch-128x2048
6162.16
128-batch-128x256
791.5
128-batch-128x4096
12533.6
128-batch-128x512
1480.02
128-batch-128x64
271.93
128-batch-2048x1024
31759.9
128-batch-2048x128
4960.74
128-batch-2048x2048
62416.9
128-batch-2048x256
8980.78
128-batch-2048x4096
124221.0
128-batch-2048x512
16373.7
128-batch-2048x64
3065.66
128-batch-256x1024
4757.78
128-batch-256x128
741.245
128-batch-256x2048
9469.63
128-batch-256x256
1225.12
128-batch-256x4096
18833.8
128-batch-256x512
2546.72
128-batch-256x64
472.135
128-batch-4096x1024
61303.5
128-batch-4096x128
9655.08
128-batch-4096x2048
119722.0
128-batch-4096x256
17153.0
128-batch-4096x4096
238626.0
128-batch-4096x512
31933.2
128-batch-4096x64
6028.98
128-batch-512x1024
8567.54
128-batch-512x128
1307.72
128-batch-512x2048
17133.5
128-batch-512x256
2259.47
128-batch-512x4096
34275.9
128-batch-512x512
4373.48
128-batch-512x64
779.41
128-batch-64x1024
1864.86
128-batch-64x128
270.235
128-batch-64x2048
4514.31
128-batch-64x256
524.72
128-batch-64x4096
8520.17
128-batch-64x512
913.375
128-batch-64x64
178.895
16-batch-1024x1024
2113.89
16-batch-1024x128
363.465
16-batch-1024x2048
4118.03
16-batch-1024x256
626.32
16-batch-1024x4096
8172.27
16-batch-1024x512
1129.46
16-batch-1024x64
208.53
16-batch-128x1024
383.055
16-batch-128x128
82.945
16-batch-128x2048
711.06
16-batch-128x256
121.6
16-batch-128x4096
1578.02
16-batch-128x512
196.18
16-batch-128x64
60.705
16-batch-2048x1024
4024.05
16-batch-2048x128
704.28
16-batch-2048x2048
7842.73
16-batch-2048x256
1180.86
16-batch-2048x4096
15602.4
16-batch-2048x512
2141.65
16-batch-2048x64
439.75
16-batch-256x1024
631.15
16-batch-256x128
120.195
16-batch-256x2048
1226.65
16-batch-256x256
189.455
16-batch-256x4096
2345.93
16-batch-256x512
338.93
16-batch-256x64
87.895
16-batch-4096x1024
7753.56
16-batch-4096x128
1303.81
16-batch-4096x2048
14953.5
16-batch-4096x256
2280.86
16-batch-4096x4096
29728.9
16-batch-4096x512
4102.95
16-batch-4096x64
840.025
16-batch-512x1024
1151.29
16-batch-512x128
209.645
16-batch-512x2048
2189.01
16-batch-512x256
306.15
16-batch-512x4096
4354.41
16-batch-512x512
601.55
16-batch-512x64
131.06
16-batch-64x1024
236.37
16-batch-64x128
61.04
16-batch-64x2048
436.255
16-batch-64x256
90.605
16-batch-64x4096
1012.76
16-batch-64x512
147.98
16-batch-64x64
50.26
256-batch-1024x1024
32880.8
256-batch-1024x128
4843.86
256-batch-1024x2048
65016.9
256-batch-1024x256
8799.17
256-batch-1024x4096
129222.0
256-batch-1024x512
16840.7
256-batch-1024x64
3001.87
256-batch-128x1024
6107.33
256-batch-128x128
887.055
256-batch-128x2048
12165.1
256-batch-128x256
1568.64
256-batch-128x4096
24846.0
256-batch-128x512
2938.26
256-batch-128x64
521.715
256-batch-2048x1024
65174.6
256-batch-2048x128
9896.77
256-batch-2048x2048
126040.0
256-batch-2048x256
17414.3
256-batch-2048x4096
246144.0
256-batch-2048x512
32774.8
256-batch-2048x64
5913.36
256-batch-256x1024
9697.21
256-batch-256x128
1498.12
256-batch-256x2048
19145.6
256-batch-256x256
2721.57
256-batch-256x4096
38755.9
256-batch-256x512
4883.62
256-batch-256x64
874.8
256-batch-4096x1024
122093.0
256-batch-4096x128
19515.9
256-batch-4096x2048
239541.0
256-batch-4096x256
34557.0
256-batch-4096x4096
476041.0
256-batch-4096x512
63854.7
256-batch-4096x64
12074.7
256-batch-512x1024
17228.2
256-batch-512x128
2532.95
256-batch-512x2048
34290.2
256-batch-512x256
4633.29
256-batch-512x4096
68662.0
256-batch-512x512
8888.92
256-batch-512x64
1553.66
256-batch-64x1024
4339.68
256-batch-64x128
645.34
256-batch-64x2048
8521.59
256-batch-64x256
1095.02
256-batch-64x4096
17632.2
256-batch-64x512
2050.72
256-batch-64x64
309.525
32-batch-1024x1024
4159.84
32-batch-1024x128
688.105
32-batch-1024x2048
8333.62
32-batch-1024x256
1179.97
32-batch-1024x4096
15772.4
32-batch-1024x512
2148.91
32-batch-1024x64
422.33
32-batch-128x1024
666.81
32-batch-128x128
145.57
32-batch-128x2048
1385.81
32-batch-128x256
220.185
32-batch-128x4096
2991.47
32-batch-128x512
387.845
32-batch-128x64
112.305
32-batch-2048x1024
8009.36
32-batch-2048x128
1236.89
32-batch-2048x2048
16206.3
32-batch-2048x256
2266.08
32-batch-2048x4096
31055.0
32-batch-2048x512
4182.56
32-batch-2048x64
818.155
32-batch-256x1024
1222.91
32-batch-256x128
207.695
32-batch-256x2048
2379.17
32-batch-256x256
359.95
32-batch-256x4096
4715.82
32-batch-256x512
604.83
32-batch-256x64
134.34
32-batch-4096x1024
15356.3
32-batch-4096x128
2538.98
32-batch-4096x2048
29792.7
32-batch-4096x256
4386.02
32-batch-4096x4096
59166.3
32-batch-4096x512
8019.65
32-batch-4096x64
1599.87
32-batch-512x1024
2210.3
32-batch-512x128
326.5
32-batch-512x2048
4306.42
32-batch-512x256
568.305
32-batch-512x4096
8474.74
32-batch-512x512
1241.65
32-batch-512x64
227.765
32-batch-64x1024
515.98
32-batch-64x128
95.29
32-batch-64x2048
1038.01
32-batch-64x256
141.425
32-batch-64x4096
2110.46
32-batch-64x512
262.185
32-batch-64x64
67.3
512-batch-1024x1024
65543.9
512-batch-1024x128
9560.34
512-batch-1024x2048
130519.0
512-batch-1024x256
17388.5
512-batch-1024x4096
258942.0
512-batch-1024x512
33107.0
512-batch-1024x64
5827.82
512-batch-128x1024
12087.1
512-batch-128x128
1671.57
512-batch-128x2048
24111.6
512-batch-128x256
3135.22
512-batch-128x4096
48240.0
512-batch-128x512
6387.56
512-batch-128x64
1025.62
512-batch-2048x1024
128159.0
512-batch-2048x128
19356.8
512-batch-2048x2048
251128.0
512-batch-2048x256
34759.5
512-batch-2048x4096
498536.0
512-batch-2048x512
65458.4
512-batch-2048x64
11937.0
512-batch-256x1024
19416.0
512-batch-256x128
2825.36
512-batch-256x2048
38243.0
512-batch-256x256
5125.65
512-batch-256x4096
77552.9
512-batch-256x512
9912.76
512-batch-256x64
1685.6
512-batch-4096x1024
244692.0
512-batch-4096x128
39086.1
512-batch-4096x2048
481061.0
512-batch-4096x256
68248.0
512-batch-4096x4096
951512.0
512-batch-4096x512
127341.0
512-batch-4096x64
24450.7
512-batch-512x1024
33996.2
512-batch-512x128
5104.44
512-batch-512x2048
69613.8
512-batch-512x256
9367.92
512-batch-512x4096
137666.0
512-batch-512x512
17806.4
512-batch-512x64
3064.93
512-batch-64x1024
8597.99
512-batch-64x128
1138.14
512-batch-64x2048
16451.5
512-batch-64x256
2176.64
512-batch-64x4096
34440.7
512-batch-64x512
4418.32
512-batch-64x64
594.565
64-batch-1024x1024
8291.65
64-batch-1024x128
1289.91
64-batch-1024x2048
16136.3
64-batch-1024x256
2241.55
64-batch-1024x4096
31760.9
64-batch-1024x512
4241.05
64-batch-1024x64
809.505
64-batch-128x1024
1507.8
64-batch-128x128
233.385
64-batch-128x2048
3023.05
64-batch-128x256
372.515
64-batch-128x4096
6383.11
64-batch-128x512
754.81
64-batch-128x64
140.83
64-batch-2048x1024
15841.8
64-batch-2048x128
2513.31
64-batch-2048x2048
31647.7
64-batch-2048x256
4396.64
64-batch-2048x4096
62136.9
64-batch-2048x512
8263.98
64-batch-2048x64
1685.62
64-batch-256x1024
2362.38
64-batch-256x128
442.62
64-batch-256x2048
4731.4
64-batch-256x256
674.985
64-batch-256x4096
9432.26
64-batch-256x512
1237.18
64-batch-256x64
244.855
64-batch-4096x1024
30588.7
64-batch-4096x128
4989.97
64-batch-4096x2048
60147.3
64-batch-4096x256
8620.99
64-batch-4096x4096
118577.0
64-batch-4096x512
15864.5
64-batch-4096x64
3135.28
64-batch-512x1024
4285.55
64-batch-512x128
691.54
64-batch-512x2048
8594.93
64-batch-512x256
1124.7
64-batch-512x4096
16970.4
64-batch-512x512
2242.59
64-batch-512x64
434.305
64-batch-64x1024
1026.11
64-batch-64x128
169.235
64-batch-64x2048
1910.55
64-batch-64x256
253.965
64-batch-64x4096
4400.73
64-batch-64x512
456.725
64-batch-64x64
101.26
8-batch-1024x1024
1086.72
8-batch-1024x128
194.415
8-batch-1024x2048
2070.3
8-batch-1024x256
378.69
8-batch-1024x4096
4055.22
8-batch-1024x512
589.095
8-batch-1024x64
117.23
8-batch-128x1024
191.63
8-batch-128x128
57.19
8-batch-128x2048
390.38
8-batch-128x256
75.37
8-batch-128x4096
840.455
8-batch-128x512
115.165
8-batch-128x64
46.34
8-batch-2048x1024
2066.68
8-batch-2048x128
362.865
8-batch-2048x2048
4040.86
8-batch-2048x256
619.975
8-batch-2048x4096
8615.72
8-batch-2048x512
1092.05
8-batch-2048x64
225.815
8-batch-256x1024
338.43
8-batch-256x128
73.1
8-batch-256x2048
593.67
8-batch-256x256
118.815
8-batch-256x4096
1252.2
8-batch-256x512
171.21
8-batch-256x64
58.055
8-batch-4096x1024
4053.0
8-batch-4096x128
713.985
8-batch-4096x2048
7513.87
8-batch-4096x256
1333.05
8-batch-4096x4096
14834.6
8-batch-4096x512
2096.26
8-batch-4096x64
451.585
8-batch-512x1024
594.73
8-batch-512x128
113.4
8-batch-512x2048
1139.66
8-batch-512x256
198.365
8-batch-512x4096
2174.93
8-batch-512x512
289.51
8-batch-512x64
79.57
8-batch-64x1024
143.975
8-batch-64x128
48.405
8-batch-64x2048
234.115
8-batch-64x256
72.975
8-batch-64x4096
515.55
8-batch-64x512
99.19
8-batch-64x64
39.565
