128-batch-1024x1024
32698.0
128-batch-1024x128
5047.53
128-batch-1024x2048
64555.0
128-batch-1024x256
9194.95
128-batch-1024x4096
128771.0
128-batch-1024x512
16483.0
128-batch-1024x64
2599.7
128-batch-128x1024
4528.81
128-batch-128x128
553.59
128-batch-128x2048
8910.17
128-batch-128x256
1135.96
128-batch-128x4096
17953.7
128-batch-128x512
2163.54
128-batch-128x64
259.9
128-batch-2048x1024
65565.1
128-batch-2048x128
9271.34
128-batch-2048x2048
130131.0
128-batch-2048x256
17144.6
128-batch-2048x4096
258538.0
128-batch-2048x512
33868.4
128-batch-2048x64
5798.85
128-batch-256x1024
8595.7
128-batch-256x128
1218.75
128-batch-256x2048
17038.3
128-batch-256x256
2094.78
128-batch-256x4096
33968.0
128-batch-256x512
4285.78
128-batch-256x64
504.765
128-batch-4096x1024
139537.0
128-batch-4096x128
20491.9
128-batch-4096x2048
276535.0
128-batch-4096x256
36969.2
128-batch-4096x4096
557530.0
128-batch-4096x512
71189.5
128-batch-4096x64
11271.4
128-batch-512x1024
16867.4
128-batch-512x128
2275.98
128-batch-512x2048
33175.9
128-batch-512x256
4456.18
128-batch-512x4096
66105.4
128-batch-512x512
8506.2
128-batch-512x64
1293.61
128-batch-64x1024
2515.03
128-batch-64x128
277.62
128-batch-64x2048
5076.02
128-batch-64x256
510.5
128-batch-64x4096
10035.7
128-batch-64x512
1059.73
128-batch-64x64
143.04
16-batch-1024x1024
8903.63
16-batch-1024x128
1181.32
16-batch-1024x2048
17332.6
16-batch-1024x256
2262.32
16-batch-1024x4096
34784.9
16-batch-1024x512
4324.88
16-batch-1024x64
541.675
16-batch-128x1024
1072.49
16-batch-128x128
127.825
16-batch-128x2048
2352.45
16-batch-128x256
175.07
16-batch-128x4096
4611.59
16-batch-128x512
493.175
16-batch-128x64
63.49
16-batch-2048x1024
17680.6
16-batch-2048x128
2280.64
16-batch-2048x2048
34789.2
16-batch-2048x256
4455.78
16-batch-2048x4096
70997.4
16-batch-2048x512
9184.65
16-batch-2048x64
1299.78
16-batch-256x1024
2323.89
16-batch-256x128
171.035
16-batch-256x2048
4723.61
16-batch-256x256
373.705
16-batch-256x4096
9012.82
16-batch-256x512
1163.95
16-batch-256x64
96.565
16-batch-4096x1024
34936.9
16-batch-4096x128
4948.22
16-batch-4096x2048
70433.6
16-batch-4096x256
8533.76
16-batch-4096x4096
144392.0
16-batch-4096x512
17578.7
16-batch-4096x64
2462.26
16-batch-512x1024
4441.07
16-batch-512x128
356.47
16-batch-512x2048
8845.14
16-batch-512x256
1154.97
16-batch-512x4096
17821.9
16-batch-512x512
2409.84
16-batch-512x64
179.435
16-batch-64x1024
516.245
16-batch-64x128
62.79
16-batch-64x2048
1187.27
16-batch-64x256
108.035
16-batch-64x4096
2477.41
16-batch-64x512
176.465
16-batch-64x64
37.935
256-batch-1024x1024
61007.3
256-batch-1024x128
8887.83
256-batch-1024x2048
119732.0
256-batch-1024x256
16134.2
256-batch-1024x4096
237892.0
256-batch-1024x512
30857.6
256-batch-1024x64
5215.84
256-batch-128x1024
8248.48
256-batch-128x128
939.04
256-batch-128x2048
16540.6
256-batch-128x256
2146.66
256-batch-128x4096
32736.9
256-batch-128x512
4078.74
256-batch-128x64
488.515
256-batch-2048x1024
122502.0
256-batch-2048x128
17271.7
256-batch-2048x2048
242786.0
256-batch-2048x256
32393.0
256-batch-2048x4096
482223.0
256-batch-2048x512
62167.4
256-batch-2048x64
10262.8
256-batch-256x1024
15962.6
256-batch-256x128
2076.93
256-batch-256x2048
31442.0
256-batch-256x256
4064.76
256-batch-256x4096
62268.4
256-batch-256x512
8085.15
256-batch-256x64
1117.9
256-batch-4096x1024
255428.0
256-batch-4096x128
37376.8
256-batch-4096x2048
508475.0
256-batch-4096x256
67967.3
256-batch-4096x4096
1017100.0
256-batch-4096x512
131187.0
256-batch-4096x64
19792.3
256-batch-512x1024
30976.0
256-batch-512x128
4403.98
256-batch-512x2048
61398.8
256-batch-512x256
8034.88
256-batch-512x4096
121913.0
256-batch-512x512
15453.9
256-batch-512x64
2453.6
256-batch-64x1024
4736.48
256-batch-64x128
555.56
256-batch-64x2048
9466.17
256-batch-64x256
1356.26
256-batch-64x4096
18907.7
256-batch-64x512
2249.68
256-batch-64x64
259.165
32-batch-1024x1024
12338.9
32-batch-1024x128
1633.34
32-batch-1024x2048
23934.4
32-batch-1024x256
3138.49
32-batch-1024x4096
47902.3
32-batch-1024x512
6044.23
32-batch-1024x64
900.975
32-batch-128x1024
1663.86
32-batch-128x128
153.32
32-batch-128x2048
3306.76
32-batch-128x256
277.26
32-batch-128x4096
6599.4
32-batch-128x512
767.97
32-batch-128x64
91.635
32-batch-2048x1024
24229.2
32-batch-2048x128
3326.95
32-batch-2048x2048
48046.7
32-batch-2048x256
6179.65
32-batch-2048x4096
96611.1
32-batch-2048x512
12372.3
32-batch-2048x64
1835.15
32-batch-256x1024
3271.06
32-batch-256x128
401.455
32-batch-256x2048
6328.03
32-batch-256x256
574.89
32-batch-256x4096
12488.0
32-batch-256x512
1536.34
32-batch-256x64
153.135
32-batch-4096x1024
49275.1
32-batch-4096x128
6476.27
32-batch-4096x2048
99722.1
32-batch-4096x256
12394.8
32-batch-4096x4096
199179.0
32-batch-4096x512
24610.3
32-batch-4096x64
3584.22
32-batch-512x1024
6163.09
32-batch-512x128
600.06
32-batch-512x2048
12329.1
32-batch-512x256
1599.73
32-batch-512x4096
24414.2
32-batch-512x512
3090.05
32-batch-512x64
375.525
32-batch-64x1024
827.365
32-batch-64x128
89.29
32-batch-64x2048
1671.0
32-batch-64x256
168.1
32-batch-64x4096
3454.78
32-batch-64x512
443.015
32-batch-64x64
57.26
512-batch-1024x1024
116962.0
512-batch-1024x128
16785.6
512-batch-1024x2048
230180.0
512-batch-1024x256
31025.8
512-batch-1024x4096
459759.0
512-batch-1024x512
59384.0
512-batch-1024x64
9525.43
512-batch-128x1024
15888.2
512-batch-128x128
2167.86
512-batch-128x2048
31658.3
512-batch-128x256
4042.55
512-batch-128x4096
63043.2
512-batch-128x512
8071.17
512-batch-128x64
1245.38
512-batch-2048x1024
235068.0
512-batch-2048x128
33674.0
512-batch-2048x2048
467398.0
512-batch-2048x256
62060.9
512-batch-2048x4096
929782.0
512-batch-2048x512
119639.0
512-batch-2048x64
19569.8
512-batch-256x1024
30296.6
512-batch-256x128
4190.73
512-batch-256x2048
58881.9
512-batch-256x256
7944.84
512-batch-256x4096
119079.0
512-batch-256x512
15047.2
512-batch-256x64
2405.57
512-batch-4096x1024
488239.0
512-batch-4096x128
70563.2
512-batch-4096x2048
964997.0
512-batch-4096x256
130185.0
512-batch-4096x4096
1927770.0
512-batch-4096x512
249499.0
512-batch-4096x64
39058.6
512-batch-512x1024
59528.5
512-batch-512x128
8412.44
512-batch-512x2048
117595.0
512-batch-512x256
15561.8
512-batch-512x4096
234688.0
512-batch-512x512
29997.7
512-batch-512x64
4850.94
512-batch-64x1024
9111.59
512-batch-64x128
993.35
512-batch-64x2048
18034.5
512-batch-64x256
2493.39
512-batch-64x4096
36323.6
512-batch-64x512
4674.81
512-batch-64x64
539.82
64-batch-1024x1024
19369.0
64-batch-1024x128
2616.34
64-batch-1024x2048
37769.4
64-batch-1024x256
5003.1
64-batch-1024x4096
75084.9
64-batch-1024x512
9540.8
64-batch-1024x64
1722.17
64-batch-128x1024
2554.94
64-batch-128x128
259.445
64-batch-128x2048
5115.8
64-batch-128x256
593.27
64-batch-128x4096
10366.7
64-batch-128x512
1258.16
64-batch-128x64
157.14
64-batch-2048x1024
38202.2
64-batch-2048x128
5386.39
64-batch-2048x2048
75148.3
64-batch-2048x256
9771.47
64-batch-2048x4096
149529.0
64-batch-2048x512
18838.9
64-batch-2048x64
2993.49
64-batch-256x1024
4957.0
64-batch-256x128
502.875
64-batch-256x2048
9932.69
64-batch-256x256
1358.54
64-batch-256x4096
19694.3
64-batch-256x512
2467.57
64-batch-256x64
361.64
64-batch-4096x1024
78347.4
64-batch-4096x128
10778.7
64-batch-4096x2048
154582.0
64-batch-4096x256
21163.6
64-batch-4096x4096
313603.0
64-batch-4096x512
40627.6
64-batch-4096x64
6441.1
64-batch-512x1024
9751.02
64-batch-512x128
1123.81
64-batch-512x2048
19350.5
64-batch-512x256
2502.61
64-batch-512x4096
38648.0
64-batch-512x512
4931.2
64-batch-512x64
711.455
64-batch-64x1024
1299.47
64-batch-64x128
154.53
64-batch-64x2048
2826.97
64-batch-64x256
324.245
64-batch-64x4096
5609.2
64-batch-64x512
523.875
64-batch-64x64
83.115
8-batch-1024x1024
1932.26
8-batch-1024x128
311.485
8-batch-1024x2048
3708.36
8-batch-1024x256
660.065
8-batch-1024x4096
7209.94
8-batch-1024x512
976.43
8-batch-1024x64
164.915
8-batch-128x1024
310.205
8-batch-128x128
51.45
8-batch-128x2048
567.005
8-batch-128x256
91.96
8-batch-128x4096
1140.0
8-batch-128x512
155.62
8-batch-128x64
35.91
8-batch-2048x1024
3637.51
8-batch-2048x128
571.905
8-batch-2048x2048
7091.15
8-batch-2048x256
969.18
8-batch-2048x4096
15246.8
8-batch-2048x512
1901.29
8-batch-2048x64
318.365
8-batch-256x1024
553.385
8-batch-256x128
79.935
8-batch-256x2048
1121.63
8-batch-256x256
161.425
8-batch-256x4096
1983.13
8-batch-256x512
270.99
8-batch-256x64
50.775
8-batch-4096x1024
7167.66
8-batch-4096x128
1057.6
8-batch-4096x2048
14103.4
8-batch-4096x256
2099.39
8-batch-4096x4096
29119.6
8-batch-4096x512
3685.05
8-batch-4096x64
550.89
8-batch-512x1024
1054.32
8-batch-512x128
131.79
8-batch-512x2048
2115.95
8-batch-512x256
300.36
8-batch-512x4096
3825.1
8-batch-512x512
564.875
8-batch-512x64
83.475
8-batch-64x1024
180.42
8-batch-64x128
37.545
8-batch-64x2048
353.585
8-batch-64x256
59.42
8-batch-64x4096
698.72
8-batch-64x512
90.35
8-batch-64x64
26.97
