128-batch-1024x1024
15912.5
128-batch-1024x128
2499.84
128-batch-1024x2048
31727.7
128-batch-1024x256
4444.98
128-batch-1024x4096
62462.0
128-batch-1024x512
8494.0
128-batch-1024x64
1659.38
128-batch-128x1024
2843.94
128-batch-128x128
441.18
128-batch-128x2048
5971.65
128-batch-128x256
771.85
128-batch-128x4096
12117.5
128-batch-128x512
1463.6
128-batch-128x64
290.68
128-batch-2048x1024
32140.2
128-batch-2048x128
4943.6
128-batch-2048x2048
62042.1
128-batch-2048x256
9501.27
128-batch-2048x4096
121968.0
128-batch-2048x512
16297.7
128-batch-2048x64
3267.11
128-batch-256x1024
4858.28
128-batch-256x128
760.49
128-batch-256x2048
9950.03
128-batch-256x256
1276.1
128-batch-256x4096
19348.3
128-batch-256x512
2430.04
128-batch-256x64
466.47
128-batch-4096x1024
69242.9
128-batch-4096x128
10038.0
128-batch-4096x2048
133300.0
128-batch-4096x256
18547.8
128-batch-4096x4096
268149.0
128-batch-4096x512
35887.3
128-batch-4096x64
6261.41
128-batch-512x1024
8640.38
128-batch-512x128
1316.61
128-batch-512x2048
16946.2
128-batch-512x256
2311.11
128-batch-512x4096
33628.3
128-batch-512x512
4329.24
128-batch-512x64
763.735
128-batch-64x1024
1926.22
128-batch-64x128
280.725
128-batch-64x2048
4033.93
128-batch-64x256
580.335
128-batch-64x4096
8567.69
128-batch-64x512
956.96
128-batch-64x64
190.67
16-batch-1024x1024
2354.41
16-batch-1024x128
350.815
16-batch-1024x2048
4549.71
16-batch-1024x256
745.665
16-batch-1024x4096
8992.2
16-batch-1024x512
1249.34
16-batch-1024x64
241.15
16-batch-128x1024
394.98
16-batch-128x128
87.045
16-batch-128x2048
722.69
16-batch-128x256
123.13
16-batch-128x4096
1419.13
16-batch-128x512
251.395
16-batch-128x64
59.2
16-batch-2048x1024
4488.19
16-batch-2048x128
670.34
16-batch-2048x2048
8830.75
16-batch-2048x256
1353.64
16-batch-2048x4096
17589.3
16-batch-2048x512
2376.37
16-batch-2048x64
449.585
16-batch-256x1024
638.18
16-batch-256x128
119.8
16-batch-256x2048
1207.71
16-batch-256x256
202.36
16-batch-256x4096
2340.99
16-batch-256x512
349.31
16-batch-256x64
82.45
16-batch-4096x1024
8729.72
16-batch-4096x128
1437.21
16-batch-4096x2048
17554.6
16-batch-4096x256
2521.55
16-batch-4096x4096
34580.4
16-batch-4096x512
4935.32
16-batch-4096x64
886.68
16-batch-512x1024
1221.98
16-batch-512x128
197.64
16-batch-512x2048
2372.64
16-batch-512x256
346.73
16-batch-512x4096
4772.31
16-batch-512x512
608.73
16-batch-512x64
130.65
16-batch-64x1024
246.34
16-batch-64x128
62.67
16-batch-64x2048
433.845
16-batch-64x256
88.345
16-batch-64x4096
929.42
16-batch-64x512
139.955
16-batch-64x64
47.08
256-batch-1024x1024
31854.8
256-batch-1024x128
5039.77
256-batch-1024x2048
63044.9
256-batch-1024x256
8563.33
256-batch-1024x4096
123428.0
256-batch-1024x512
16571.0
256-batch-1024x64
3046.13
256-batch-128x1024
6204.4
256-batch-128x128
863.53
256-batch-128x2048
12130.9
256-batch-128x256
1549.13
256-batch-128x4096
23887.7
256-batch-128x512
2971.2
256-batch-128x64
573.19
256-batch-2048x1024
65663.7
256-batch-2048x128
9973.03
256-batch-2048x2048
127752.0
256-batch-2048x256
17857.4
256-batch-2048x4096
251377.0
256-batch-2048x512
34277.2
256-batch-2048x64
6164.83
256-batch-256x1024
9779.85
256-batch-256x128
1377.94
256-batch-256x2048
19018.5
256-batch-256x256
2506.68
256-batch-256x4096
37413.1
256-batch-256x512
4835.06
256-batch-256x64
820.825
256-batch-4096x1024
141792.0
256-batch-4096x128
20900.1
256-batch-4096x2048
282599.0
256-batch-4096x256
38597.4
256-batch-4096x4096
561637.0
256-batch-4096x512
72295.2
256-batch-4096x64
12921.0
256-batch-512x1024
16976.8
256-batch-512x128
2620.76
256-batch-512x2048
33188.8
256-batch-512x256
4590.46
256-batch-512x4096
65345.0
256-batch-512x512
8648.47
256-batch-512x64
1514.11
256-batch-64x1024
4118.76
256-batch-64x128
548.965
256-batch-64x2048
8256.36
256-batch-64x256
1004.79
256-batch-64x4096
16211.5
256-batch-64x512
2019.5
256-batch-64x64
337.935
32-batch-1024x1024
4422.27
32-batch-1024x128
633.025
32-batch-1024x2048
8828.63
32-batch-1024x256
1224.06
32-batch-1024x4096
16894.8
32-batch-1024x512
2253.45
32-batch-1024x64
438.0
32-batch-128x1024
656.915
32-batch-128x128
125.245
32-batch-128x2048
1306.83
32-batch-128x256
208.365
32-batch-128x4096
2793.51
32-batch-128x512
390.76
32-batch-128x64
87.715
32-batch-2048x1024
8559.93
32-batch-2048x128
1404.91
32-batch-2048x2048
16035.7
32-batch-2048x256
2285.41
32-batch-2048x4096
33188.8
32-batch-2048x512
4331.68
32-batch-2048x64
765.05
32-batch-256x1024
1174.39
32-batch-256x128
192.47
32-batch-256x2048
2464.39
32-batch-256x256
320.085
32-batch-256x4096
5191.02
32-batch-256x512
597.76
32-batch-256x64
132.61
32-batch-4096x1024
17039.7
32-batch-4096x128
2642.44
32-batch-4096x2048
33603.4
32-batch-4096x256
4817.23
32-batch-4096x4096
66429.9
32-batch-4096x512
8771.05
32-batch-4096x64
1670.73
32-batch-512x1024
2326.9
32-batch-512x128
324.915
32-batch-512x2048
4793.8
32-batch-512x256
687.915
32-batch-512x4096
9293.99
32-batch-512x512
1102.74
32-batch-512x64
232.04
32-batch-64x1024
421.55
32-batch-64x128
92.035
32-batch-64x2048
940.785
32-batch-64x256
145.735
32-batch-64x4096
1950.28
32-batch-64x512
247.52
32-batch-64x64
66.88
512-batch-1024x1024
64630.4
512-batch-1024x128
9788.46
512-batch-1024x2048
125255.0
512-batch-1024x256
17850.4
512-batch-1024x4096
250509.0
512-batch-1024x512
33466.4
512-batch-1024x64
6165.97
512-batch-128x1024
12093.4
512-batch-128x128
1860.56
512-batch-128x2048
23629.0
512-batch-128x256
3065.82
512-batch-128x4096
46334.3
512-batch-128x512
6151.27
512-batch-128x64
983.365
512-batch-2048x1024
135896.0
512-batch-2048x128
20680.0
512-batch-2048x2048
268810.0
512-batch-2048x256
37565.2
512-batch-2048x4096
535783.0
512-batch-2048x512
70381.4
512-batch-2048x64
12599.4
512-batch-256x1024
18913.1
512-batch-256x128
2687.57
512-batch-256x2048
37393.7
512-batch-256x256
5207.93
512-batch-256x4096
73744.4
512-batch-256x512
9857.11
512-batch-256x64
1686.63
512-batch-4096x1024
282823.0
512-batch-4096x128
42554.0
512-batch-4096x2048
556450.0
512-batch-4096x256
75580.7
512-batch-4096x4096
1112430.0
512-batch-4096x512
143333.0
512-batch-4096x64
25174.6
512-batch-512x1024
33512.0
512-batch-512x128
4987.24
512-batch-512x2048
65859.6
512-batch-512x256
9328.65
512-batch-512x4096
130981.0
512-batch-512x512
17246.4
512-batch-512x64
3022.18
512-batch-64x1024
8449.65
512-batch-64x128
1117.46
512-batch-64x2048
17032.6
512-batch-64x256
2071.34
512-batch-64x4096
32210.7
512-batch-64x512
4418.59
512-batch-64x64
640.495
64-batch-1024x1024
8227.15
64-batch-1024x128
1242.69
64-batch-1024x2048
16199.8
64-batch-1024x256
2311.57
64-batch-1024x4096
32427.9
64-batch-1024x512
4600.07
64-batch-1024x64
746.255
64-batch-128x1024
1454.03
64-batch-128x128
215.245
64-batch-128x2048
2754.35
64-batch-128x256
411.655
64-batch-128x4096
6109.24
64-batch-128x512
702.56
64-batch-128x64
148.525
64-batch-2048x1024
16393.5
64-batch-2048x128
2552.36
64-batch-2048x2048
31198.9
64-batch-2048x256
4391.69
64-batch-2048x4096
62130.8
64-batch-2048x512
8243.77
64-batch-2048x64
1570.38
64-batch-256x1024
2426.6
64-batch-256x128
423.275
64-batch-256x2048
5109.26
64-batch-256x256
607.785
64-batch-256x4096
10082.4
64-batch-256x512
1216.64
64-batch-256x64
234.66
64-batch-4096x1024
32322.8
64-batch-4096x128
5136.93
64-batch-4096x2048
65599.3
64-batch-4096x256
9145.82
64-batch-4096x4096
129886.0
64-batch-4096x512
17085.8
64-batch-4096x64
3331.22
64-batch-512x1024
4499.64
64-batch-512x128
640.42
64-batch-512x2048
8677.85
64-batch-512x256
1166.34
64-batch-512x4096
17728.9
64-batch-512x512
2256.81
64-batch-512x64
388.82
64-batch-64x1024
947.2
64-batch-64x128
146.24
64-batch-64x2048
1954.98
64-batch-64x256
260.91
64-batch-64x4096
4068.86
64-batch-64x512
433.525
64-batch-64x64
105.19
8-batch-1024x1024
1390.36
8-batch-1024x128
190.19
8-batch-1024x2048
2565.76
8-batch-1024x256
312.42
8-batch-1024x4096
4922.16
8-batch-1024x512
686.585
8-batch-1024x64
131.56
8-batch-128x1024
223.24
8-batch-128x128
62.24
8-batch-128x2048
350.56
8-batch-128x256
76.825
8-batch-128x4096
750.8
8-batch-128x512
126.845
8-batch-128x64
45.605
8-batch-2048x1024
2428.74
8-batch-2048x128
350.555
8-batch-2048x2048
4839.93
8-batch-2048x256
760.365
8-batch-2048x4096
9700.25
8-batch-2048x512
1500.41
8-batch-2048x64
269.92
8-batch-256x1024
357.26
8-batch-256x128
76.83
8-batch-256x2048
641.215
8-batch-256x256
108.725
8-batch-256x4096
1259.47
8-batch-256x512
198.605
8-batch-256x64
58.34
8-batch-4096x1024
5037.15
8-batch-4096x128
804.68
8-batch-4096x2048
9865.19
8-batch-4096x256
1453.2
8-batch-4096x4096
18447.9
8-batch-4096x512
2591.51
8-batch-4096x64
439.045
8-batch-512x1024
629.935
8-batch-512x128
129.06
8-batch-512x2048
1331.72
8-batch-512x256
194.485
8-batch-512x4096
2520.95
8-batch-512x512
367.72
8-batch-512x64
81.77
8-batch-64x1024
147.73
8-batch-64x128
46.005
8-batch-64x2048
232.16
8-batch-64x256
59.835
8-batch-64x4096
432.58
8-batch-64x512
86.51
8-batch-64x64
39.435
