128-batch-1024x1024
19975.3
128-batch-1024x128
2904.43
128-batch-1024x2048
40022.3
128-batch-1024x256
5297.43
128-batch-1024x4096
79578.7
128-batch-1024x512
10248.1
128-batch-1024x64
1705.74
128-batch-128x1024
4934.92
128-batch-128x128
608.99
128-batch-128x2048
10006.8
128-batch-128x256
1314.65
128-batch-128x4096
19900.3
128-batch-128x512
2524.09
128-batch-128x64
343.535
128-batch-2048x1024
37454.6
128-batch-2048x128
5726.97
128-batch-2048x2048
74371.6
128-batch-2048x256
10028.1
128-batch-2048x4096
147458.0
128-batch-2048x512
19520.6
128-batch-2048x64
3234.7
128-batch-256x1024
7140.31
128-batch-256x128
964.41
128-batch-256x2048
14386.6
128-batch-256x256
2014.81
128-batch-256x4096
28639.5
128-batch-256x512
3471.22
128-batch-256x64
556.595
128-batch-4096x1024
73292.9
128-batch-4096x128
10757.0
128-batch-4096x2048
143721.0
128-batch-4096x256
19667.2
128-batch-4096x4096
286427.0
128-batch-4096x512
37534.6
128-batch-4096x64
6185.09
128-batch-512x1024
11696.1
128-batch-512x128
1562.04
128-batch-512x2048
23217.8
128-batch-512x256
3070.28
128-batch-512x4096
45905.3
128-batch-512x512
5805.31
128-batch-512x64
949.77
128-batch-64x1024
3845.32
128-batch-64x128
447.39
128-batch-64x2048
7778.32
128-batch-64x256
880.73
128-batch-64x4096
15364.2
128-batch-64x512
1831.78
128-batch-64x64
248.7
16-batch-1024x1024
3458.84
16-batch-1024x128
514.635
16-batch-1024x2048
6814.86
16-batch-1024x256
790.945
16-batch-1024x4096
13627.0
16-batch-1024x512
1751.77
16-batch-1024x64
282.285
16-batch-128x1024
689.185
16-batch-128x128
93.415
16-batch-128x2048
1307.31
16-batch-128x256
197.13
16-batch-128x4096
2876.78
16-batch-128x512
350.655
16-batch-128x64
58.05
16-batch-2048x1024
6566.28
16-batch-2048x128
893.21
16-batch-2048x2048
12782.2
16-batch-2048x256
1753.22
16-batch-2048x4096
25945.5
16-batch-2048x512
3347.16
16-batch-2048x64
531.03
16-batch-256x1024
1134.6
16-batch-256x128
144.08
16-batch-256x2048
2380.96
16-batch-256x256
272.785
16-batch-256x4096
4757.4
16-batch-256x512
470.425
16-batch-256x64
81.885
16-batch-4096x1024
11738.8
16-batch-4096x128
1703.79
16-batch-4096x2048
23468.0
16-batch-4096x256
3135.33
16-batch-4096x4096
47341.1
16-batch-4096x512
6250.91
16-batch-4096x64
1061.68
16-batch-512x1024
1976.92
16-batch-512x128
245.575
16-batch-512x2048
3969.02
16-batch-512x256
400.855
16-batch-512x4096
7970.06
16-batch-512x512
886.36
16-batch-512x64
140.195
16-batch-64x1024
563.765
16-batch-64x128
73.29
16-batch-64x2048
979.4
16-batch-64x256
133.37
16-batch-64x4096
2057.78
16-batch-64x512
258.595
16-batch-64x64
46.085
256-batch-1024x1024
39212.7
256-batch-1024x128
5664.53
256-batch-1024x2048
77995.9
256-batch-1024x256
10519.8
256-batch-1024x4096
155359.0
256-batch-1024x512
20005.7
256-batch-1024x64
3312.65
256-batch-128x1024
9956.32
256-batch-128x128
1251.15
256-batch-128x2048
19380.9
256-batch-128x256
2329.24
256-batch-128x4096
38741.6
256-batch-128x512
4837.15
256-batch-128x64
708.695
256-batch-2048x1024
72836.7
256-batch-2048x128
10865.3
256-batch-2048x2048
144700.0
256-batch-2048x256
19771.8
256-batch-2048x4096
285186.0
256-batch-2048x512
37319.5
256-batch-2048x64
6228.6
256-batch-256x1024
14267.5
256-batch-256x128
1840.74
256-batch-256x2048
28090.4
256-batch-256x256
3554.93
256-batch-256x4096
55556.7
256-batch-256x512
7050.5
256-batch-256x64
1045.22
256-batch-4096x1024
142944.0
256-batch-4096x128
20996.3
256-batch-4096x2048
279970.0
256-batch-4096x256
38436.9
256-batch-4096x4096
557902.0
256-batch-4096x512
73326.0
256-batch-4096x64
12483.7
256-batch-512x1024
22798.0
256-batch-512x128
3287.17
256-batch-512x2048
45224.9
256-batch-512x256
5902.9
256-batch-512x4096
88961.3
256-batch-512x512
11504.9
256-batch-512x64
1846.88
256-batch-64x1024
7795.89
256-batch-64x128
963.75
256-batch-64x2048
15302.0
256-batch-64x256
1804.09
256-batch-64x4096
30963.2
256-batch-64x512
3737.87
256-batch-64x64
517.22
32-batch-1024x1024
5841.72
32-batch-1024x128
837.495
32-batch-1024x2048
11562.1
32-batch-1024x256
1502.91
32-batch-1024x4096
23014.9
32-batch-1024x512
2938.21
32-batch-1024x64
491.56
32-batch-128x1024
1219.39
32-batch-128x128
170.315
32-batch-128x2048
2783.36
32-batch-128x256
325.04
32-batch-128x4096
5395.17
32-batch-128x512
614.57
32-batch-128x64
97.15
32-batch-2048x1024
11069.9
32-batch-2048x128
1559.12
32-batch-2048x2048
21606.7
32-batch-2048x256
2936.34
32-batch-2048x4096
42758.7
32-batch-2048x512
5573.67
32-batch-2048x64
840.36
32-batch-256x1024
1864.28
32-batch-256x128
260.985
32-batch-256x2048
4055.39
32-batch-256x256
476.5
32-batch-256x4096
8040.31
32-batch-256x512
858.74
32-batch-256x64
145.24
32-batch-4096x1024
20281.8
32-batch-4096x128
3153.41
32-batch-4096x2048
40594.9
32-batch-4096x256
5479.38
32-batch-4096x4096
81544.2
32-batch-4096x512
10919.0
32-batch-4096x64
1746.88
32-batch-512x1024
3330.78
32-batch-512x128
460.51
32-batch-512x2048
6759.16
32-batch-512x256
936.475
32-batch-512x4096
13532.2
32-batch-512x512
1592.4
32-batch-512x64
275.67
32-batch-64x1024
962.99
32-batch-64x128
132.345
32-batch-64x2048
1839.85
32-batch-64x256
292.93
32-batch-64x4096
4002.15
32-batch-64x512
480.79
32-batch-64x64
76.935
512-batch-1024x1024
77218.6
512-batch-1024x128
11246.9
512-batch-1024x2048
153390.0
512-batch-1024x256
20673.3
512-batch-1024x4096
304584.0
512-batch-1024x512
39663.8
512-batch-1024x64
6751.69
512-batch-128x1024
19876.7
512-batch-128x128
2444.76
512-batch-128x2048
38785.3
512-batch-128x256
4924.52
512-batch-128x4096
76445.3
512-batch-128x512
9944.92
512-batch-128x64
1377.17
512-batch-2048x1024
143495.0
512-batch-2048x128
21115.6
512-batch-2048x2048
282808.0
512-batch-2048x256
38971.0
512-batch-2048x4096
563036.0
512-batch-2048x512
74102.5
512-batch-2048x64
12275.0
512-batch-256x1024
27947.7
512-batch-256x128
3738.57
512-batch-256x2048
55310.8
512-batch-256x256
7326.66
512-batch-256x4096
110698.0
512-batch-256x512
14348.9
512-batch-256x64
2109.53
512-batch-4096x1024
282811.0
512-batch-4096x128
41548.9
512-batch-4096x2048
555098.0
512-batch-4096x256
76068.6
512-batch-4096x4096
1100970.0
512-batch-4096x512
144978.0
512-batch-4096x64
24008.1
512-batch-512x1024
44841.4
512-batch-512x128
6211.23
512-batch-512x2048
88626.8
512-batch-512x256
11707.8
512-batch-512x4096
175291.0
512-batch-512x512
22929.8
512-batch-512x64
3539.04
512-batch-64x1024
15356.8
512-batch-64x128
1845.63
512-batch-64x2048
31068.4
512-batch-64x256
3798.42
512-batch-64x4096
61404.5
512-batch-64x512
7857.2
512-batch-64x64
956.985
64-batch-1024x1024
10503.0
64-batch-1024x128
1518.61
64-batch-1024x2048
20837.5
64-batch-1024x256
2897.16
64-batch-1024x4096
41565.4
64-batch-1024x512
5575.47
64-batch-1024x64
819.27
64-batch-128x1024
2356.28
64-batch-128x128
323.175
64-batch-128x2048
5019.99
64-batch-128x256
602.375
64-batch-128x4096
10361.9
64-batch-128x512
1139.37
64-batch-128x64
181.79
64-batch-2048x1024
20177.3
64-batch-2048x128
2898.16
64-batch-2048x2048
38737.6
64-batch-2048x256
5199.8
64-batch-2048x4096
77576.5
64-batch-2048x512
10640.3
64-batch-2048x64
1792.65
64-batch-256x1024
3722.59
64-batch-256x128
500.79
64-batch-256x2048
7493.86
64-batch-256x256
970.675
64-batch-256x4096
14996.9
64-batch-256x512
1836.69
64-batch-256x64
264.38
64-batch-4096x1024
38157.9
64-batch-4096x128
5546.06
64-batch-4096x2048
75913.1
64-batch-4096x256
10417.2
64-batch-4096x4096
150094.0
64-batch-4096x512
19421.8
64-batch-4096x64
3265.82
64-batch-512x1024
6104.95
64-batch-512x128
887.69
64-batch-512x2048
12122.3
64-batch-512x256
1562.09
64-batch-512x4096
24381.8
64-batch-512x512
2977.22
64-batch-512x64
493.68
64-batch-64x1024
1786.01
64-batch-64x128
257.755
64-batch-64x2048
4042.71
64-batch-64x256
467.7
64-batch-64x4096
7987.89
64-batch-64x512
969.44
64-batch-64x64
139.505
8-batch-1024x1024
2298.68
8-batch-1024x128
281.885
8-batch-1024x2048
4578.0
8-batch-1024x256
443.28
8-batch-1024x4096
8773.19
8-batch-1024x512
1113.01
8-batch-1024x64
147.81
8-batch-128x1024
394.32
8-batch-128x128
57.435
8-batch-128x2048
725.87
8-batch-128x256
105.245
8-batch-128x4096
1700.63
8-batch-128x512
213.98
8-batch-128x64
39.85
8-batch-2048x1024
4341.5
8-batch-2048x128
626.5
8-batch-2048x2048
8551.74
8-batch-2048x256
1228.81
8-batch-2048x4096
16949.1
8-batch-2048x512
2285.86
8-batch-2048x64
308.825
8-batch-256x1024
558.73
8-batch-256x128
85.51
8-batch-256x2048
1400.45
8-batch-256x256
153.41
8-batch-256x4096
3020.26
8-batch-256x512
317.98
8-batch-256x64
52.625
8-batch-4096x1024
7515.26
8-batch-4096x128
1130.46
8-batch-4096x2048
14841.7
8-batch-4096x256
2009.94
8-batch-4096x4096
29829.7
8-batch-4096x512
3834.82
8-batch-4096x64
712.86
8-batch-512x1024
1243.89
8-batch-512x128
143.24
8-batch-512x2048
2688.77
8-batch-512x256
280.07
8-batch-512x4096
5196.86
8-batch-512x512
740.245
8-batch-512x64
83.16
8-batch-64x1024
289.81
8-batch-64x128
46.125
8-batch-64x2048
508.055
8-batch-64x256
74.665
8-batch-64x4096
1232.28
8-batch-64x512
150.615
8-batch-64x64
33.59
