128-batch-1024x1024
20066.7
128-batch-1024x128
2874.45
128-batch-1024x2048
39792.5
128-batch-1024x256
5300.76
128-batch-1024x4096
79615.4
128-batch-1024x512
10578.7
128-batch-1024x64
1702.52
128-batch-128x1024
4921.99
128-batch-128x128
593.59
128-batch-128x2048
10084.3
128-batch-128x256
1224.37
128-batch-128x4096
19755.2
128-batch-128x512
2353.8
128-batch-128x64
329.095
128-batch-2048x1024
37962.6
128-batch-2048x128
5457.45
128-batch-2048x2048
75661.0
128-batch-2048x256
10419.0
128-batch-2048x4096
148740.0
128-batch-2048x512
19346.6
128-batch-2048x64
3271.13
128-batch-256x1024
7334.25
128-batch-256x128
1015.05
128-batch-256x2048
14347.0
128-batch-256x256
1768.34
128-batch-256x4096
28581.5
128-batch-256x512
3561.09
128-batch-256x64
499.695
128-batch-4096x1024
73713.7
128-batch-4096x128
10634.6
128-batch-4096x2048
145994.0
128-batch-4096x256
19753.0
128-batch-4096x4096
290423.0
128-batch-4096x512
37516.6
128-batch-4096x64
6526.13
128-batch-512x1024
11714.9
128-batch-512x128
1643.41
128-batch-512x2048
23033.2
128-batch-512x256
3030.04
128-batch-512x4096
45928.9
128-batch-512x512
5788.77
128-batch-512x64
1005.71
128-batch-64x1024
3762.15
128-batch-64x128
510.25
128-batch-64x2048
7822.48
128-batch-64x256
947.635
128-batch-64x4096
15637.3
128-batch-64x512
1695.47
128-batch-64x64
283.04
16-batch-1024x1024
3491.24
16-batch-1024x128
394.75
16-batch-1024x2048
6968.19
16-batch-1024x256
957.37
16-batch-1024x4096
13881.6
16-batch-1024x512
1814.86
16-batch-1024x64
262.9
16-batch-128x1024
714.07
16-batch-128x128
94.66
16-batch-128x2048
1445.71
16-batch-128x256
173.5
16-batch-128x4096
2961.14
16-batch-128x512
353.16
16-batch-128x64
61.625
16-batch-2048x1024
6659.81
16-batch-2048x128
994.035
16-batch-2048x2048
13172.0
16-batch-2048x256
1786.66
16-batch-2048x4096
26075.7
16-batch-2048x512
3356.2
16-batch-2048x64
430.615
16-batch-256x1024
1131.14
16-batch-256x128
147.38
16-batch-256x2048
2274.79
16-batch-256x256
277.62
16-batch-256x4096
4696.7
16-batch-256x512
550.44
16-batch-256x64
78.18
16-batch-4096x1024
11836.1
16-batch-4096x128
1756.67
16-batch-4096x2048
23570.3
16-batch-4096x256
3255.14
16-batch-4096x4096
47282.7
16-batch-4096x512
6029.43
16-batch-4096x64
945.815
16-batch-512x1024
2045.38
16-batch-512x128
249.99
16-batch-512x2048
4283.48
16-batch-512x256
451.935
16-batch-512x4096
7835.54
16-batch-512x512
850.695
16-batch-512x64
129.405
16-batch-64x1024
496.145
16-batch-64x128
74.84
16-batch-64x2048
1074.08
16-batch-64x256
132.665
16-batch-64x4096
2046.15
16-batch-64x512
250.165
16-batch-64x64
46.81
256-batch-1024x1024
39639.9
256-batch-1024x128
5657.52
256-batch-1024x2048
77736.7
256-batch-1024x256
10302.4
256-batch-1024x4096
155174.0
256-batch-1024x512
20031.3
256-batch-1024x64
3336.34
256-batch-128x1024
9898.56
256-batch-128x128
1256.04
256-batch-128x2048
19673.7
256-batch-128x256
2381.53
256-batch-128x4096
38985.8
256-batch-128x512
4827.06
256-batch-128x64
721.095
256-batch-2048x1024
73153.7
256-batch-2048x128
10739.6
256-batch-2048x2048
145271.0
256-batch-2048x256
19783.0
256-batch-2048x4096
287603.0
256-batch-2048x512
37509.9
256-batch-2048x64
6283.14
256-batch-256x1024
14202.8
256-batch-256x128
1875.19
256-batch-256x2048
28090.4
256-batch-256x256
3578.92
256-batch-256x4096
55981.8
256-batch-256x512
7102.02
256-batch-256x64
1084.09
256-batch-4096x1024
143217.0
256-batch-4096x128
21215.5
256-batch-4096x2048
286093.0
256-batch-4096x256
38945.8
256-batch-4096x4096
567755.0
256-batch-4096x512
73427.9
256-batch-4096x64
12474.0
256-batch-512x1024
22803.7
256-batch-512x128
3139.97
256-batch-512x2048
45086.0
256-batch-512x256
5866.36
256-batch-512x4096
89955.9
256-batch-512x512
11628.7
256-batch-512x64
1827.34
256-batch-64x1024
7812.26
256-batch-64x128
911.09
256-batch-64x2048
15268.0
256-batch-64x256
1727.21
256-batch-64x4096
30557.9
256-batch-64x512
3749.07
256-batch-64x64
516.785
32-batch-1024x1024
5845.81
32-batch-1024x128
753.23
32-batch-1024x2048
11626.2
32-batch-1024x256
1598.29
32-batch-1024x4096
23185.6
32-batch-1024x512
2991.18
32-batch-1024x64
405.175
32-batch-128x1024
1364.74
32-batch-128x128
181.57
32-batch-128x2048
2550.22
32-batch-128x256
338.155
32-batch-128x4096
5445.69
32-batch-128x512
640.75
32-batch-128x64
96.82
32-batch-2048x1024
11275.1
32-batch-2048x128
1619.77
32-batch-2048x2048
21977.1
32-batch-2048x256
2962.18
32-batch-2048x4096
43324.5
32-batch-2048x512
5589.32
32-batch-2048x64
978.045
32-batch-256x1024
1830.13
32-batch-256x128
262.08
32-batch-256x2048
3984.65
32-batch-256x256
504.03
32-batch-256x4096
8022.59
32-batch-256x512
1077.63
32-batch-256x64
169.09
32-batch-4096x1024
21074.3
32-batch-4096x128
3005.98
32-batch-4096x2048
41250.5
32-batch-4096x256
5571.58
32-batch-4096x4096
82286.5
32-batch-4096x512
10486.3
32-batch-4096x64
1963.98
32-batch-512x1024
3463.16
32-batch-512x128
396.985
32-batch-512x2048
6574.38
32-batch-512x256
848.785
32-batch-512x4096
13249.3
32-batch-512x512
1652.35
32-batch-512x64
248.92
32-batch-64x1024
963.87
32-batch-64x128
135.095
32-batch-64x2048
1809.49
32-batch-64x256
244.615
32-batch-64x4096
4034.97
32-batch-64x512
484.445
32-batch-64x64
76.07
512-batch-1024x1024
78026.2
512-batch-1024x128
11031.2
512-batch-1024x2048
154578.0
512-batch-1024x256
20640.9
512-batch-1024x4096
306339.0
512-batch-1024x512
39597.6
512-batch-1024x64
6520.33
512-batch-128x1024
19734.5
512-batch-128x128
2424.18
512-batch-128x2048
39122.9
512-batch-128x256
4902.56
512-batch-128x4096
77141.2
512-batch-128x512
9952.69
512-batch-128x64
1351.09
512-batch-2048x1024
144572.0
512-batch-2048x128
21358.1
512-batch-2048x2048
286401.0
512-batch-2048x256
38881.8
512-batch-2048x4096
566736.0
512-batch-2048x512
73247.7
512-batch-2048x64
12704.3
512-batch-256x1024
28148.4
512-batch-256x128
3714.49
512-batch-256x2048
55630.2
512-batch-256x256
7305.76
512-batch-256x4096
109844.0
512-batch-256x512
14313.6
512-batch-256x64
2103.45
512-batch-4096x1024
283824.0
512-batch-4096x128
41563.4
512-batch-4096x2048
563559.0
512-batch-4096x256
76313.7
512-batch-4096x4096
1114200.0
512-batch-4096x512
145286.0
512-batch-4096x64
24532.2
512-batch-512x1024
45146.0
512-batch-512x128
6223.74
512-batch-512x2048
88126.4
512-batch-512x256
11949.9
512-batch-512x4096
177191.0
512-batch-512x512
22961.2
512-batch-512x64
3655.47
512-batch-64x1024
15393.7
512-batch-64x128
1905.19
512-batch-64x2048
30187.2
512-batch-64x256
3775.57
512-batch-64x4096
61244.6
512-batch-64x512
7884.35
512-batch-64x64
965.975
64-batch-1024x1024
10530.4
64-batch-1024x128
1465.68
64-batch-1024x2048
21103.7
64-batch-1024x256
2786.68
64-batch-1024x4096
41852.7
64-batch-1024x512
5333.33
64-batch-1024x64
829.795
64-batch-128x1024
2507.22
64-batch-128x128
350.235
64-batch-128x2048
5091.26
64-batch-128x256
617.515
64-batch-128x4096
10199.8
64-batch-128x512
1218.64
64-batch-128x64
184.655
64-batch-2048x1024
19851.5
64-batch-2048x128
2885.57
64-batch-2048x2048
39791.2
64-batch-2048x256
5315.7
64-batch-2048x4096
79287.8
64-batch-2048x512
10279.5
64-batch-2048x64
1782.66
64-batch-256x1024
3655.56
64-batch-256x128
548.315
64-batch-256x2048
7415.19
64-batch-256x256
906.715
64-batch-256x4096
15037.1
64-batch-256x512
1790.91
64-batch-256x64
284.415
64-batch-4096x1024
38754.7
64-batch-4096x128
5553.16
64-batch-4096x2048
75868.0
64-batch-4096x256
10249.7
64-batch-4096x4096
150765.0
64-batch-4096x512
19933.0
64-batch-4096x64
3242.29
64-batch-512x1024
6067.11
64-batch-512x128
775.02
64-batch-512x2048
12159.3
64-batch-512x256
1591.56
64-batch-512x4096
24100.4
64-batch-512x512
3041.41
64-batch-512x64
487.35
64-batch-64x1024
1703.97
64-batch-64x128
249.22
64-batch-64x2048
3895.02
64-batch-64x256
503.08
64-batch-64x4096
8004.41
64-batch-64x512
921.885
64-batch-64x64
139.45
8-batch-1024x1024
2318.17
8-batch-1024x128
281.845
8-batch-1024x2048
4566.81
8-batch-1024x256
465.24
8-batch-1024x4096
8995.2
8-batch-1024x512
1221.81
8-batch-1024x64
129.49
8-batch-128x1024
397.825
8-batch-128x128
57.59
8-batch-128x2048
853.28
8-batch-128x256
106.355
8-batch-128x4096
1804.5
8-batch-128x512
199.845
8-batch-128x64
44.915
8-batch-2048x1024
4324.48
8-batch-2048x128
474.58
8-batch-2048x2048
8439.06
8-batch-2048x256
1098.73
8-batch-2048x4096
16826.1
8-batch-2048x512
2531.34
8-batch-2048x64
306.115
8-batch-256x1024
720.76
8-batch-256x128
89.895
8-batch-256x2048
1525.56
8-batch-256x256
155.41
8-batch-256x4096
2975.63
8-batch-256x512
319.875
8-batch-256x64
60.375
8-batch-4096x1024
7511.62
8-batch-4096x128
1134.86
8-batch-4096x2048
14999.6
8-batch-4096x256
2025.7
8-batch-4096x4096
30404.8
8-batch-4096x512
3861.4
8-batch-4096x64
645.5
8-batch-512x1024
1303.5
8-batch-512x128
144.715
8-batch-512x2048
2636.91
8-batch-512x256
280.91
8-batch-512x4096
5154.44
8-batch-512x512
585.54
8-batch-512x64
80.01
8-batch-64x1024
297.615
8-batch-64x128
45.105
8-batch-64x2048
528.39
8-batch-64x256
74.815
8-batch-64x4096
1348.55
8-batch-64x512
155.385
8-batch-64x64
32.325
