128-batch-1024x1024
15905.3
128-batch-1024x128
2338.62
128-batch-1024x2048
31995.8
128-batch-1024x256
4248.2
128-batch-1024x4096
63439.2
128-batch-1024x512
8109.78
128-batch-1024x64
1400.73
128-batch-128x1024
3928.82
128-batch-128x128
508.815
128-batch-128x2048
8113.45
128-batch-128x256
1020.6
128-batch-128x4096
15730.9
128-batch-128x512
1870.83
128-batch-128x64
296.65
128-batch-2048x1024
30793.2
128-batch-2048x128
4446.15
128-batch-2048x2048
60625.9
128-batch-2048x256
8103.54
128-batch-2048x4096
119991.0
128-batch-2048x512
15584.0
128-batch-2048x64
2631.22
128-batch-256x1024
5843.0
128-batch-256x128
843.11
128-batch-256x2048
11679.2
128-batch-256x256
1521.42
128-batch-256x4096
23063.3
128-batch-256x512
2902.62
128-batch-256x64
492.235
128-batch-4096x1024
59636.1
128-batch-4096x128
8799.11
128-batch-4096x2048
118763.0
128-batch-4096x256
16171.7
128-batch-4096x4096
234961.0
128-batch-4096x512
30732.0
128-batch-4096x64
5203.99
128-batch-512x1024
9263.38
128-batch-512x128
1343.84
128-batch-512x2048
18022.8
128-batch-512x256
2518.53
128-batch-512x4096
36116.0
128-batch-512x512
4637.16
128-batch-512x64
743.015
128-batch-64x1024
3130.12
128-batch-64x128
385.05
128-batch-64x2048
6343.59
128-batch-64x256
741.355
128-batch-64x4096
12365.0
128-batch-64x512
1448.46
128-batch-64x64
215.745
16-batch-1024x1024
2151.33
16-batch-1024x128
335.525
16-batch-1024x2048
4254.38
16-batch-1024x256
604.42
16-batch-1024x4096
8223.18
16-batch-1024x512
1133.23
16-batch-1024x64
189.735
16-batch-128x1024
545.955
16-batch-128x128
83.515
16-batch-128x2048
938.34
16-batch-128x256
144.94
16-batch-128x4096
1973.07
16-batch-128x512
276.65
16-batch-128x64
62.25
16-batch-2048x1024
4010.79
16-batch-2048x128
564.895
16-batch-2048x2048
7784.34
16-batch-2048x256
1042.56
16-batch-2048x4096
15423.0
16-batch-2048x512
2121.93
16-batch-2048x64
331.05
16-batch-256x1024
704.33
16-batch-256x128
127.705
16-batch-256x2048
1395.08
16-batch-256x256
220.645
16-batch-256x4096
2876.08
16-batch-256x512
406.535
16-batch-256x64
78.43
16-batch-4096x1024
7958.43
16-batch-4096x128
1168.88
16-batch-4096x2048
14980.0
16-batch-4096x256
2104.31
16-batch-4096x4096
29743.4
16-batch-4096x512
3969.43
16-batch-4096x64
721.82
16-batch-512x1024
1226.35
16-batch-512x128
197.53
16-batch-512x2048
2328.86
16-batch-512x256
347.0
16-batch-512x4096
4675.55
16-batch-512x512
647.465
16-batch-512x64
122.24
16-batch-64x1024
414.1
16-batch-64x128
69.14
16-batch-64x2048
776.125
16-batch-64x256
110.165
16-batch-64x4096
1581.67
16-batch-64x512
202.515
16-batch-64x64
52.875
256-batch-1024x1024
31595.8
256-batch-1024x128
4695.64
256-batch-1024x2048
63880.9
256-batch-1024x256
8451.06
256-batch-1024x4096
126011.0
256-batch-1024x512
16165.4
256-batch-1024x64
2694.38
256-batch-128x1024
8048.81
256-batch-128x128
1069.42
256-batch-128x2048
15801.0
256-batch-128x256
1923.29
256-batch-128x4096
31361.6
256-batch-128x512
4004.09
256-batch-128x64
628.76
256-batch-2048x1024
60919.0
256-batch-2048x128
8652.76
256-batch-2048x2048
119934.0
256-batch-2048x256
16014.7
256-batch-2048x4096
239791.0
256-batch-2048x512
30808.2
256-batch-2048x64
5081.95
256-batch-256x1024
11715.2
256-batch-256x128
1574.91
256-batch-256x2048
22916.7
256-batch-256x256
3010.64
256-batch-256x4096
45441.0
256-batch-256x512
5828.5
256-batch-256x64
892.27
256-batch-4096x1024
118760.0
256-batch-4096x128
16901.4
256-batch-4096x2048
236001.0
256-batch-4096x256
31739.1
256-batch-4096x4096
468247.0
256-batch-4096x512
61333.3
256-batch-4096x64
10088.8
256-batch-512x1024
17996.5
256-batch-512x128
2568.28
256-batch-512x2048
35553.0
256-batch-512x256
4716.59
256-batch-512x4096
71725.5
256-batch-512x512
9078.11
256-batch-512x64
1487.14
256-batch-64x1024
6321.23
256-batch-64x128
758.33
256-batch-64x2048
12471.7
256-batch-64x256
1349.99
256-batch-64x4096
24405.0
256-batch-64x512
2941.79
256-batch-64x64
433.72
32-batch-1024x1024
4161.63
32-batch-1024x128
596.53
32-batch-1024x2048
8278.68
32-batch-1024x256
1088.61
32-batch-1024x4096
16676.5
32-batch-1024x512
2144.87
32-batch-1024x64
387.325
32-batch-128x1024
981.215
32-batch-128x128
153.83
32-batch-128x2048
1889.91
32-batch-128x256
274.365
32-batch-128x4096
4049.75
32-batch-128x512
517.97
32-batch-128x64
104.07
32-batch-2048x1024
7854.24
32-batch-2048x128
1200.76
32-batch-2048x2048
15679.1
32-batch-2048x256
2113.82
32-batch-2048x4096
30945.3
32-batch-2048x512
4037.31
32-batch-2048x64
661.37
32-batch-256x1024
1456.69
32-batch-256x128
229.08
32-batch-256x2048
2851.64
32-batch-256x256
414.12
32-batch-256x4096
5795.48
32-batch-256x512
715.865
32-batch-256x64
140.785
32-batch-4096x1024
15405.7
32-batch-4096x128
2265.84
32-batch-4096x2048
29791.1
32-batch-4096x256
4190.1
32-batch-4096x4096
59465.2
32-batch-4096x512
7825.44
32-batch-4096x64
1364.59
32-batch-512x1024
2335.37
32-batch-512x128
370.825
32-batch-512x2048
5006.2
32-batch-512x256
617.37
32-batch-512x4096
9265.82
32-batch-512x512
1234.14
32-batch-512x64
217.81
32-batch-64x1024
823.755
32-batch-64x128
108.335
32-batch-64x2048
1526.31
32-batch-64x256
207.595
32-batch-64x4096
3135.43
32-batch-64x512
386.28
32-batch-64x64
71.205
512-batch-1024x1024
63130.3
512-batch-1024x128
9103.07
512-batch-1024x2048
127319.0
512-batch-1024x256
16725.5
512-batch-1024x4096
251391.0
512-batch-1024x512
32092.7
512-batch-1024x64
5425.6
512-batch-128x1024
15850.0
512-batch-128x128
2090.3
512-batch-128x2048
31270.4
512-batch-128x256
4017.51
512-batch-128x4096
62080.1
512-batch-128x512
7992.31
512-batch-128x64
1292.0
512-batch-2048x1024
121217.0
512-batch-2048x128
17387.1
512-batch-2048x2048
240737.0
512-batch-2048x256
31886.8
512-batch-2048x4096
479109.0
512-batch-2048x512
61679.1
512-batch-2048x64
10017.7
512-batch-256x1024
23169.6
512-batch-256x128
3214.74
512-batch-256x2048
45632.1
512-batch-256x256
6031.09
512-batch-256x4096
90672.7
512-batch-256x512
11918.1
512-batch-256x64
1810.95
512-batch-4096x1024
237512.0
512-batch-4096x128
33466.7
512-batch-4096x2048
470719.0
512-batch-4096x256
62088.8
512-batch-4096x4096
938147.0
512-batch-4096x512
121652.0
512-batch-4096x64
19762.5
512-batch-512x1024
35599.1
512-batch-512x128
5084.12
512-batch-512x2048
70568.6
512-batch-512x256
9401.86
512-batch-512x4096
142416.0
512-batch-512x512
18105.5
512-batch-512x64
2964.61
512-batch-64x1024
12297.3
512-batch-64x128
1396.78
512-batch-64x2048
24483.5
512-batch-64x256
2918.14
512-batch-64x4096
48552.2
512-batch-64x512
6120.65
512-batch-64x64
831.855
64-batch-1024x1024
8115.34
64-batch-1024x128
1221.8
64-batch-1024x2048
16415.4
64-batch-1024x256
2199.49
64-batch-1024x4096
32064.8
64-batch-1024x512
4124.69
64-batch-1024x64
743.42
64-batch-128x1024
1875.68
64-batch-128x128
295.125
64-batch-128x2048
3953.64
64-batch-128x256
524.155
64-batch-128x4096
8041.93
64-batch-128x512
935.39
64-batch-128x64
173.46
64-batch-2048x1024
15450.2
64-batch-2048x128
2416.1
64-batch-2048x2048
30660.9
64-batch-2048x256
4136.69
64-batch-2048x4096
60422.2
64-batch-2048x512
7894.9
64-batch-2048x64
1372.25
64-batch-256x1024
2840.04
64-batch-256x128
439.835
64-batch-256x2048
5776.6
64-batch-256x256
743.285
64-batch-256x4096
11705.8
64-batch-256x512
1475.13
64-batch-256x64
260.255
64-batch-4096x1024
29769.1
64-batch-4096x128
4365.06
64-batch-4096x2048
60048.4
64-batch-4096x256
8325.88
64-batch-4096x4096
118219.0
64-batch-4096x512
15748.0
64-batch-4096x64
2722.71
64-batch-512x1024
4675.68
64-batch-512x128
720.825
64-batch-512x2048
9373.27
64-batch-512x256
1278.81
64-batch-512x4096
18507.6
64-batch-512x512
2370.66
64-batch-512x64
419.995
64-batch-64x1024
1515.44
64-batch-64x128
197.31
64-batch-64x2048
3070.26
64-batch-64x256
348.645
64-batch-64x4096
6477.43
64-batch-64x512
753.785
64-batch-64x64
115.76
8-batch-1024x1024
1121.86
8-batch-1024x128
202.705
8-batch-1024x2048
2141.54
8-batch-1024x256
291.685
8-batch-1024x4096
4288.7
8-batch-1024x512
592.29
8-batch-1024x64
117.055
8-batch-128x1024
260.7
8-batch-128x128
57.595
8-batch-128x2048
571.7
8-batch-128x256
86.595
8-batch-128x4096
1027.57
8-batch-128x512
151.57
8-batch-128x64
47.355
8-batch-2048x1024
2182.7
8-batch-2048x128
329.81
8-batch-2048x2048
3941.66
8-batch-2048x256
533.945
8-batch-2048x4096
7714.85
8-batch-2048x512
1096.85
8-batch-2048x64
182.11
8-batch-256x1024
396.96
8-batch-256x128
77.21
8-batch-256x2048
818.775
8-batch-256x256
123.03
8-batch-256x4096
1476.72
8-batch-256x512
212.92
8-batch-256x64
57.67
8-batch-4096x1024
3937.14
8-batch-4096x128
633.31
8-batch-4096x2048
7517.89
8-batch-4096x256
1058.11
8-batch-4096x4096
14988.2
8-batch-4096x512
2044.14
8-batch-4096x64
376.18
8-batch-512x1024
593.82
8-batch-512x128
105.035
8-batch-512x2048
1306.49
8-batch-512x256
184.525
8-batch-512x4096
2374.93
8-batch-512x512
339.73
8-batch-512x64
76.845
8-batch-64x1024
200.305
8-batch-64x128
50.85
8-batch-64x2048
371.705
8-batch-64x256
65.375
8-batch-64x4096
723.125
8-batch-64x512
113.52
8-batch-64x64
42.765
