128-batch-1024x1024
20223.1
128-batch-1024x128
2907.94
128-batch-1024x2048
39890.8
128-batch-1024x256
5302.31
128-batch-1024x4096
79432.2
128-batch-1024x512
10177.9
128-batch-1024x64
1686.84
128-batch-128x1024
4950.71
128-batch-128x128
673.805
128-batch-128x2048
9838.46
128-batch-128x256
1206.38
128-batch-128x4096
20047.2
128-batch-128x512
2475.32
128-batch-128x64
353.105
128-batch-2048x1024
37901.4
128-batch-2048x128
5484.7
128-batch-2048x2048
75065.7
128-batch-2048x256
10058.6
128-batch-2048x4096
149363.0
128-batch-2048x512
19157.8
128-batch-2048x64
3251.05
128-batch-256x1024
7104.09
128-batch-256x128
1042.86
128-batch-256x2048
14413.7
128-batch-256x256
1803.67
128-batch-256x4096
28725.9
128-batch-256x512
3471.57
128-batch-256x64
557.745
128-batch-4096x1024
73048.1
128-batch-4096x128
11093.5
128-batch-4096x2048
144855.0
128-batch-4096x256
19422.9
128-batch-4096x4096
290295.0
128-batch-4096x512
37302.8
128-batch-4096x64
6232.69
128-batch-512x1024
11644.1
128-batch-512x128
1548.92
128-batch-512x2048
23152.1
128-batch-512x256
3001.83
128-batch-512x4096
46238.0
128-batch-512x512
5777.94
128-batch-512x64
951.3
128-batch-64x1024
3736.71
128-batch-64x128
446.635
128-batch-64x2048
7795.56
128-batch-64x256
910.59
128-batch-64x4096
15558.5
128-batch-64x512
1852.77
128-batch-64x64
263.07
16-batch-1024x1024
3618.01
16-batch-1024x128
482.115
16-batch-1024x2048
6904.63
16-batch-1024x256
946.64
16-batch-1024x4096
13698.2
16-batch-1024x512
1765.66
16-batch-1024x64
221.37
16-batch-128x1024
754.645
16-batch-128x128
90.595
16-batch-128x2048
1423.14
16-batch-128x256
169.435
16-batch-128x4096
2907.57
16-batch-128x512
343.21
16-batch-128x64
54.995
16-batch-2048x1024
6551.68
16-batch-2048x128
827.54
16-batch-2048x2048
13106.6
16-batch-2048x256
1775.7
16-batch-2048x4096
25776.3
16-batch-2048x512
3501.5
16-batch-2048x64
561.335
16-batch-256x1024
978.09
16-batch-256x128
143.325
16-batch-256x2048
2274.33
16-batch-256x256
273.055
16-batch-256x4096
4702.9
16-batch-256x512
469.38
16-batch-256x64
80.67
16-batch-4096x1024
11957.1
16-batch-4096x128
1715.3
16-batch-4096x2048
23796.2
16-batch-4096x256
3164.35
16-batch-4096x4096
47195.4
16-batch-4096x512
6150.27
16-batch-4096x64
1035.31
16-batch-512x1024
1931.04
16-batch-512x128
221.19
16-batch-512x2048
3849.93
16-batch-512x256
405.04
16-batch-512x4096
8009.71
16-batch-512x512
992.89
16-batch-512x64
135.925
16-batch-64x1024
465.84
16-batch-64x128
92.975
16-batch-64x2048
1038.95
16-batch-64x256
133.47
16-batch-64x4096
2032.72
16-batch-64x512
258.005
16-batch-64x64
45.985
256-batch-1024x1024
39526.9
256-batch-1024x128
5616.91
256-batch-1024x2048
78119.3
256-batch-1024x256
10289.8
256-batch-1024x4096
155265.0
256-batch-1024x512
19789.2
256-batch-1024x64
3300.44
256-batch-128x1024
9872.43
256-batch-128x128
1269.16
256-batch-128x2048
19508.8
256-batch-128x256
2371.82
256-batch-128x4096
38870.5
256-batch-128x512
4843.55
256-batch-128x64
649.715
256-batch-2048x1024
73364.4
256-batch-2048x128
10677.1
256-batch-2048x2048
146401.0
256-batch-2048x256
19741.1
256-batch-2048x4096
289113.0
256-batch-2048x512
37436.8
256-batch-2048x64
6303.99
256-batch-256x1024
14168.2
256-batch-256x128
1862.51
256-batch-256x2048
28181.1
256-batch-256x256
3538.03
256-batch-256x4096
56025.2
256-batch-256x512
7071.45
256-batch-256x64
1076.02
256-batch-4096x1024
143058.0
256-batch-4096x128
21033.1
256-batch-4096x2048
284681.0
256-batch-4096x256
38204.0
256-batch-4096x4096
567842.0
256-batch-4096x512
72798.8
256-batch-4096x64
12431.7
256-batch-512x1024
22811.8
256-batch-512x128
3134.34
256-batch-512x2048
45222.0
256-batch-512x256
5855.31
256-batch-512x4096
89772.2
256-batch-512x512
11441.7
256-batch-512x64
1822.52
256-batch-64x1024
7870.31
256-batch-64x128
949.575
256-batch-64x2048
15663.7
256-batch-64x256
1817.27
256-batch-64x4096
30910.0
256-batch-64x512
3740.32
256-batch-64x64
512.45
32-batch-1024x1024
6001.22
32-batch-1024x128
743.17
32-batch-1024x2048
11501.7
32-batch-1024x256
1562.09
32-batch-1024x4096
23074.4
32-batch-1024x512
2973.39
32-batch-1024x64
492.645
32-batch-128x1024
1150.14
32-batch-128x128
171.385
32-batch-128x2048
2700.36
32-batch-128x256
326.21
32-batch-128x4096
5445.08
32-batch-128x512
573.72
32-batch-128x64
96.45
32-batch-2048x1024
11015.5
32-batch-2048x128
1839.25
32-batch-2048x2048
21641.4
32-batch-2048x256
2962.95
32-batch-2048x4096
43134.9
32-batch-2048x512
5685.64
32-batch-2048x64
977.9
32-batch-256x1024
1845.9
32-batch-256x128
260.095
32-batch-256x2048
4000.85
32-batch-256x256
449.69
32-batch-256x4096
8080.26
32-batch-256x512
858.255
32-batch-256x64
140.26
32-batch-4096x1024
20983.7
32-batch-4096x128
3291.91
32-batch-4096x2048
41194.8
32-batch-4096x256
5508.37
32-batch-4096x4096
81980.1
32-batch-4096x512
10553.9
32-batch-4096x64
1790.52
32-batch-512x1024
3319.82
32-batch-512x128
459.245
32-batch-512x2048
6639.45
32-batch-512x256
748.755
32-batch-512x4096
13566.2
32-batch-512x512
1670.87
32-batch-512x64
253.6
32-batch-64x1024
1028.2
32-batch-64x128
132.93
32-batch-64x2048
1883.99
32-batch-64x256
248.35
32-batch-64x4096
4022.97
32-batch-64x512
441.8
32-batch-64x64
76.41
512-batch-1024x1024
77832.1
512-batch-1024x128
11034.9
512-batch-1024x2048
153747.0
512-batch-1024x256
20479.4
512-batch-1024x4096
305977.0
512-batch-1024x512
39522.0
512-batch-1024x64
6498.52
512-batch-128x1024
19562.0
512-batch-128x128
2462.12
512-batch-128x2048
38600.9
512-batch-128x256
5017.56
512-batch-128x4096
77518.5
512-batch-128x512
9786.57
512-batch-128x64
1333.37
512-batch-2048x1024
146288.0
512-batch-2048x128
20968.8
512-batch-2048x2048
284981.0
512-batch-2048x256
39015.0
512-batch-2048x4096
569613.0
512-batch-2048x512
74064.5
512-batch-2048x64
12289.9
512-batch-256x1024
28206.3
512-batch-256x128
3695.73
512-batch-256x2048
55426.1
512-batch-256x256
7256.03
512-batch-256x4096
110686.0
512-batch-256x512
14378.9
512-batch-256x64
2134.28
512-batch-4096x1024
284759.0
512-batch-4096x128
41549.1
512-batch-4096x2048
562560.0
512-batch-4096x256
76150.6
512-batch-4096x4096
1116860.0
512-batch-4096x512
144918.0
512-batch-4096x64
24582.5
512-batch-512x1024
44633.2
512-batch-512x128
6424.31
512-batch-512x2048
88734.3
512-batch-512x256
11763.5
512-batch-512x4096
176430.0
512-batch-512x512
23004.4
512-batch-512x64
3640.93
512-batch-64x1024
15382.6
512-batch-64x128
1829.8
512-batch-64x2048
30134.5
512-batch-64x256
3767.22
512-batch-64x4096
61664.1
512-batch-64x512
7709.99
512-batch-64x64
1089.88
64-batch-1024x1024
10918.6
64-batch-1024x128
1488.65
64-batch-1024x2048
20657.1
64-batch-1024x256
3074.93
64-batch-1024x4096
41532.8
64-batch-1024x512
5325.2
64-batch-1024x64
922.42
64-batch-128x1024
2313.99
64-batch-128x128
340.54
64-batch-128x2048
5089.01
64-batch-128x256
572.44
64-batch-128x4096
10339.0
64-batch-128x512
1123.43
64-batch-128x64
182.62
64-batch-2048x1024
19872.2
64-batch-2048x128
2931.12
64-batch-2048x2048
39257.2
64-batch-2048x256
5340.81
64-batch-2048x4096
77636.0
64-batch-2048x512
10082.7
64-batch-2048x64
1738.53
64-batch-256x1024
3741.02
64-batch-256x128
492.945
64-batch-256x2048
7479.97
64-batch-256x256
913.41
64-batch-256x4096
15049.3
64-batch-256x512
1694.85
64-batch-256x64
258.19
64-batch-4096x1024
38180.7
64-batch-4096x128
5730.7
64-batch-4096x2048
75756.8
64-batch-4096x256
10607.8
64-batch-4096x4096
151849.0
64-batch-4096x512
19681.1
64-batch-4096x64
3264.16
64-batch-512x1024
6050.32
64-batch-512x128
775.375
64-batch-512x2048
12151.7
64-batch-512x256
1485.32
64-batch-512x4096
24305.6
64-batch-512x512
3151.61
64-batch-512x64
486.04
64-batch-64x1024
1813.05
64-batch-64x128
247.565
64-batch-64x2048
4110.43
64-batch-64x256
463.225
64-batch-64x4096
7924.55
64-batch-64x512
1017.39
64-batch-64x64
154.905
8-batch-1024x1024
2304.04
8-batch-1024x128
226.515
8-batch-1024x2048
4438.19
8-batch-1024x256
588.84
8-batch-1024x4096
8672.33
8-batch-1024x512
1196.26
8-batch-1024x64
181.695
8-batch-128x1024
401.09
8-batch-128x128
57.2
8-batch-128x2048
862.505
8-batch-128x256
105.105
8-batch-128x4096
1725.29
8-batch-128x512
195.1
8-batch-128x64
42.865
8-batch-2048x1024
4306.29
8-batch-2048x128
619.28
8-batch-2048x2048
9299.33
8-batch-2048x256
1119.33
8-batch-2048x4096
16996.5
8-batch-2048x512
2249.3
8-batch-2048x64
372.23
8-batch-256x1024
556.27
8-batch-256x128
86.845
8-batch-256x2048
1483.58
8-batch-256x256
153.07
8-batch-256x4096
3009.99
8-batch-256x512
318.915
8-batch-256x64
53.76
8-batch-4096x1024
7749.45
8-batch-4096x128
1200.66
8-batch-4096x2048
14751.0
8-batch-4096x256
1983.4
8-batch-4096x4096
30181.4
8-batch-4096x512
3815.14
8-batch-4096x64
632.425
8-batch-512x1024
1353.12
8-batch-512x128
143.83
8-batch-512x2048
2655.16
8-batch-512x256
280.96
8-batch-512x4096
5285.69
8-batch-512x512
618.02
8-batch-512x64
99.485
8-batch-64x1024
292.21
8-batch-64x128
45.34
8-batch-64x2048
506.735
8-batch-64x256
73.965
8-batch-64x4096
1211.2
8-batch-64x512
154.92
8-batch-64x64
33.765
